Component: ARM Compiler 5.06 update 5 (build 528) Tool: armlink [4d35e2]

==============================================================================

Section Cross References

    main.o(i.hal_low_power_io_init) refers to gpio.o(i.hal_gpio_pull_set) for hal_gpio_pull_set
    main.o(i.hal_low_power_io_init) refers to pwrmgr.o(i.hal_pwrmgr_RAM_retention) for hal_pwrmgr_RAM_retention
    main.o(i.hal_low_power_io_init) refers to pwrmgr.o(i.hal_pwrmgr_RAM_retention_set) for hal_pwrmgr_RAM_retention_set
    main.o(i.hal_low_power_io_init) refers to pwrmgr.o(i.hal_pwrmgr_LowCurrentLdo_enable) for hal_pwrmgr_LowCurrentLdo_enable
    main.o(i.hal_low_power_io_init) refers to main.o(.constdata) for .constdata
    main.o(i.hal_rfphy_init) refers to patch.o(i.hal_rom_boot_init) for hal_rom_boot_init
    main.o(i.hal_rfphy_init) refers to main.o(i.__NVIC_SetPriority) for __NVIC_SetPriority
    main.o(i.hal_rfphy_init) refers to main.o(.bss) for .bss
    main.o(i.main) refers to patch.o(_section_xip_code_) for init_config
    main.o(i.main) refers to patch.o(i.ll_patch_slave) for ll_patch_slave
    main.o(i.main) refers to main.o(i.hal_rfphy_init) for hal_rfphy_init
    main.o(i.main) refers to main.o(i.hal_low_power_io_init) for hal_low_power_io_init
    main.o(i.main) refers to clock.o(i.hal_rtc_clock_config) for hal_rtc_clock_config
    main.o(i.main) refers to pwrmgr.o(i.hal_pwrmgr_init) for hal_pwrmgr_init
    main.o(i.main) refers to flash.o(i.hal_spif_cache_init) for hal_spif_cache_init
    main.o(i.main) refers to my_printf.o(i.dbg_printf_init) for dbg_printf_init
    main.o(i.main) refers to gpio.o(i.hal_gpio_init) for hal_gpio_init
    main.o(i.main) refers to fs.o(i.hal_fs_init) for hal_fs_init
    main.o(i.main) refers to my_printf.o(i.dbg_printf) for dbg_printf
    main.o(i.main) refers to simplebleperipheral_main.o(i.app_main) for app_main
    main.o(i.main) refers to main.o(.data) for .data
    main.o(i.main) refers to main.o(.constdata) for .constdata
    uart.o(_section_sram_code_) refers to uart.o(i.irq_rx_handler) for irq_rx_handler
    uart.o(_section_sram_code_) refers to uart.o(i.irq_tx_empty_handler) for irq_tx_empty_handler
    uart.o(i.hal_UART1_IRQHandler) refers to uart.o(i.irq_rx_handler) for irq_rx_handler
    uart.o(i.hal_UART1_IRQHandler) refers to uart.o(i.irq_tx_empty_handler) for irq_tx_empty_handler
    uart.o(i.hal_uart_deinit) refers to uart.o(i.uart_hw_deinit) for uart_hw_deinit
    uart.o(i.hal_uart_deinit) refers to pwrmgr.o(i.hal_pwrmgr_unregister) for hal_pwrmgr_unregister
    uart.o(i.hal_uart_deinit) refers to uart.o(.bss) for .bss
    uart.o(i.hal_uart_get_tx_ready) refers to uart.o(.bss) for .bss
    uart.o(i.hal_uart_init) refers to uart.o(i.uart_hw_init) for uart_hw_init
    uart.o(i.hal_uart_init) refers to pwrmgr.o(i.hal_pwrmgr_register) for hal_pwrmgr_register
    uart.o(i.hal_uart_init) refers to uart.o(.bss) for .bss
    uart.o(i.hal_uart_init) refers to uart.o(i.uart_wakeup_process_1) for uart_wakeup_process_1
    uart.o(i.hal_uart_init) refers to uart.o(i.uart_wakeup_process_0) for uart_wakeup_process_0
    uart.o(i.hal_uart_send_buff) refers to uart.o(i.txmit_buf_use_tx_buf) for txmit_buf_use_tx_buf
    uart.o(i.hal_uart_send_buff) refers to uart.o(i.txmit_buf_polling) for txmit_buf_polling
    uart.o(i.hal_uart_send_buff) refers to uart.o(.bss) for .bss
    uart.o(i.hal_uart_set_tx_buf) refers to uart.o(.bss) for .bss
    uart.o(i.irq_rx_handler) refers to uart.o(.bss) for .bss
    uart.o(i.irq_tx_empty_handler) refers to pwrmgr.o(i.hal_pwrmgr_unlock) for hal_pwrmgr_unlock
    uart.o(i.irq_tx_empty_handler) refers to uart.o(.bss) for .bss
    uart.o(i.irq_tx_empty_handler) refers to uart.o(.constdata) for .constdata
    uart.o(i.txmit_buf_use_tx_buf) refers to pwrmgr.o(i.hal_pwrmgr_lock) for hal_pwrmgr_lock
    uart.o(i.txmit_buf_use_tx_buf) refers to uart.o(.bss) for .bss
    uart.o(i.uart_hw_deinit) refers to gpio.o(i.hal_gpio_fmux) for hal_gpio_fmux
    uart.o(i.uart_hw_deinit) refers to clock.o(i.hal_clk_reset) for hal_clk_reset
    uart.o(i.uart_hw_deinit) refers to clock.o(i.hal_clk_gate_disable) for hal_clk_gate_disable
    uart.o(i.uart_hw_deinit) refers to uart.o(.bss) for .bss
    uart.o(i.uart_hw_init) refers to uart.o(i.uart_hw_deinit) for uart_hw_deinit
    uart.o(i.uart_hw_init) refers to clock.o(i.hal_clk_gate_enable) for hal_clk_gate_enable
    uart.o(i.uart_hw_init) refers to clock.o(i.hal_clk_reset) for hal_clk_reset
    uart.o(i.uart_hw_init) refers to gpio.o(i.hal_gpio_pull_set) for hal_gpio_pull_set
    uart.o(i.uart_hw_init) refers to gpio.o(i.hal_gpio_fmux_set) for hal_gpio_fmux_set
    uart.o(i.uart_hw_init) refers to uart.o(.bss) for .bss
    uart.o(i.uart_hw_init) refers to uart.o(i.hal_UART1_IRQHandler) for hal_UART1_IRQHandler
    uart.o(i.uart_hw_init) refers to uart.o(_section_sram_code_) for hal_UART0_IRQHandler
[...]
    0x1fff2858   0x1fff2858   0x0000000c   Ven    RO         5209    Veneer$$Code        anon$$obj.o
    0x1fff2864   0x1fff2864   0x0000000c   Ven    RO         5210    Veneer$$Code        anon$$obj.o
    0x1fff2870   0x1fff2870   0x0000000c   Ven    RO         5211    Veneer$$Code        anon$$obj.o
    0x1fff287c   0x1fff287c   0x0000000c   Ven    RO         5212    Veneer$$Code        anon$$obj.o
    0x1fff2888   0x1fff2888   0x0000000c   Ven    RO         5213    Veneer$$Code        anon$$obj.o
    0x1fff2894   0x1fff2894   0x00000044   Code   RO          182    _section_sram_code_  uart.o
    0x1fff28d8   0x1fff28d8   0x000000a8   Code   RO         4368    _section_sram_code_  ble_host.lib(l2cap_util.o)
    0x1fff2980   0x1fff2980   0x000000a0   Code   RO         2952    i.BIG_IQM43         prosedure.o
    0x1fff2a20   0x1fff2a20   0x00000058   Code   RO         2634    i.DMD               dmd.o
    0x1fff2a78   0x1fff2a78   0x000001d0   Code   RO         2857    i.Eqs               jdwsl.o
    0x1fff2c48   0x1fff2c48   0x00000028   Code   RO         3540    i.HCI_LE_LtkReqNegReplyCmd  rf.lib(patch.o)
    0x1fff2c70   0x1fff2c70   0x00000028   Code   RO         3541    i.HCI_LE_LtkReqReplyCmd  rf.lib(patch.o)
    0x1fff2c98   0x1fff2c98   0x0000002c   Code   RO         2955    i.IQOMAH43          prosedure.o
    0x1fff2cc4   0x1fff2cc4   0x000000c8   Code   RO         2858    i.JDgrenwitc        jdwsl.o
    0x1fff2d8c   0x1fff2d8c   0x0000001c   Code   RO         2859    i.JDlok             jdwsl.o
    0x1fff2da8   0x1fff2da8   0x0000004c   Code   RO         2860    i.L0                jdwsl.o
    0x1fff2df4   0x1fff2df4   0x0000001a   Code   RO         3545    i.LL_ENC_AES128_Encrypt1  rf.lib(patch.o)
    0x1fff2e0e   COMPRESSED   0x00000002   PAD
    0x1fff2e10   0x1fff2e10   0x00000178   Code   RO         3546    i.LL_ENC_Decrypt1   rf.lib(patch.o)
    0x1fff2f88   0x1fff2f88   0x00000160   Code   RO         3547    i.LL_ENC_Encrypt1   rf.lib(patch.o)
    0x1fff30e8   0x1fff30e8   0x0000004c   Code   RO         3548    i.LL_EncLtkNegReply  rf.lib(patch.o)
    0x1fff3134   0x1fff3134   0x00000058   Code   RO         3549    i.LL_EncLtkReply    rf.lib(patch.o)
    0x1fff318c   0x1fff318c   0x0000014c   Code   RO         3550    i.LL_IRQHandler1    rf.lib(patch.o)
    0x1fff32d8   0x1fff32d8   0x000001e8   Code   RO         3555    i.LL_SetAdvControl1  rf.lib(patch.o)
    0x1fff34c0   0x1fff34c0   0x00000050   Code   RO         3556    i.LL_SetAdvParam1   rf.lib(patch.o)
    0x1fff3510   0x1fff3510   0x00000030   Code   RO         3557    i.LL_SetDataLengh1  rf.lib(patch.o)
    0x1fff3540   0x1fff3540   0x00000018   Code   RO         3562    i.NVIC_EnableIRQ    rf.lib(patch.o)
    0x1fff3558   0x1fff3558   0x0000003c   Code   RO         2033    i.SimpleProfile_AddService  sbpprofile_ota.o
    0x1fff3594   0x1fff3594   0x00000010   Code   RO         3501    i.SystemInit        system_armcm0.o
    0x1fff35a4   0x1fff35a4   0x0000001c   Code   RO         2861    i.U                 jdwsl.o
    0x1fff35c0   0x1fff35c0   0x000000f4   Code   RO         2862    i.WAKTU_ASHAR       jdwsl.o
    0x1fff36b4   0x1fff36b4   0x00000058   Code   RO         2863    i.WAKTU_DZUHUR      jdwsl.o
    0x1fff370c   0x1fff370c   0x00000100   Code   RO         2864    i.WAKTU_MAGRIB      jdwsl.o
    0x1fff380c   0x1fff380c   0x00000158   Code   RO         2865    i.WAKTU_SLT_SUDUT   jdwsl.o
    0x1fff3964   0x1fff3964   0x00000028   Code   RO         4853    i.__0sprintf$6      mc_p.l(printf6.o)
    0x1fff398c   0x1fff398c   0x0000002e   Code   RO         5087    i.__ARM_clz         mf_p.l(depilogue.o)
    0x1fff39ba   0x1fff39ba   0x00000032   Code   RO         5020    i.__ARM_common_ll_muluu  m_ps.l(rred.o)
    0x1fff39ec   0x1fff39ec   0x0000002c   Code   RO         5010    i.__ARM_fpclassify  m_ps.l(fpclassify.o)
    0x1fff3a18   0x1fff3a18   0x00000020   Code   RO          691    i.__NVIC_DisableIRQ  timer.o
    0x1fff3a38   0x1fff3a38   0x00000020   Code   RO         2959    i.__NVIC_DisableIRQ  prosedure.o
    0x1fff3a58   0x1fff3a58   0x00000018   Code   RO          470    i.__NVIC_EnableIRQ  gpio.o
    0x1fff3a70   0x1fff3a70   0x00000018   Code   RO          692    i.__NVIC_EnableIRQ  timer.o
    0x1fff3a88   0x1fff3a88   0x00000018   Code   RO         2960    i.__NVIC_EnableIRQ  prosedure.o
    0x1fff3aa0   0x1fff3aa0   0x00000044   Code   RO            3    i.__NVIC_SetPriority  main.o
    0x1fff3ae4   0x1fff3ae4   0x00000044   Code   RO          471    i.__NVIC_SetPriority  gpio.o
    0x1fff3b28   0x1fff3b28   0x00000044   Code   RO          693    i.__NVIC_SetPriority  timer.o
    0x1fff3b6c   0x1fff3b6c   0x00000044   Code   RO          791    i.__NVIC_SetPriority  pwrmgr.o
    0x1fff3bb0   0x1fff3bb0   0x00000008   Code   RO         5073    i.__aeabi_errno_addr  mc_p.l(errno.o)
    0x1fff3bb8   0x1fff3bb8   0x0000039c   Code   RO         5015    i.__ieee754_rem_pio2  m_ps.l(rred.o)
    0x1fff3f54   0x1fff3f54   0x000000f4   Code   RO         4993    i.__kernel_cos      m_ps.l(cos_i.o)
    0x1fff4048   0x1fff4048   0x000000ac   Code   RO         5012    i.__kernel_poly     m_ps.l(poly.o)
    0x1fff40f4   0x1fff40f4   0x000000ec   Code   RO         5022    i.__kernel_sin      m_ps.l(sin_i.o)
    0x1fff41e0   0x1fff41e0   0x00000270   Code   RO         5036    i.__kernel_tan      m_ps.l(tan_i.o)
    0x1fff4450   0x1fff4450   0x00000014   Code   RO         4996    i.__mathlib_dbl_divzero  m_ps.l(dunder.o)
    0x1fff4464   0x1fff4464   0x0000000a   Code   RO         4997    i.__mathlib_dbl_infnan  m_ps.l(dunder.o)
    0x1fff446e   0x1fff446e   0x00000008   Code   RO         4998    i.__mathlib_dbl_infnan2  m_ps.l(dunder.o)
    0x1fff4476   0x1fff4476   0x00000010   Code   RO         4999    i.__mathlib_dbl_invalid  m_ps.l(dunder.o)
    0x1fff4486   COMPRESSED   0x00000002   PAD
    0x1fff4488   0x1fff4488   0x00000014   Code   RO         5000    i.__mathlib_dbl_overflow  m_ps.l(dunder.o)
    0x1fff449c   0x1fff449c   0x00000014   Code   RO         5002    i.__mathlib_dbl_underflow  m_ps.l(dunder.o)
    0x1fff44b0   0x1fff44b0   0x00000006   Code   RO         3650    i.__psr             rf.lib(patch.o)
    0x1fff44b6   0x1fff44b6   0x0000000e   Code   RO         5103    i.__scatterload_copy  mc_p.l(handlers.o)
    0x1fff44c4   0x1fff44c4   0x00000002   Code   RO         5104    i.__scatterload_null  mc_p.l(handlers.o)
    0x1fff44c6   0x1fff44c6   0x0000000e   Code   RO         5105    i.__scatterload_zeroinit  mc_p.l(handlers.o)
    0x1fff44d4   0x1fff44d4   0x0000000c   Code   RO         5075    i.__set_errno       mc_p.l(errno.o)
    0x1fff44e0   0x1fff44e0   0x00000020   Code   RO         3721    i._efuse_chip_version_check  rf.lib(phy_sec_ext.o)
    0x1fff4500   0x1fff4500   0x000001e8   Code   RO         2427    i._hard_fault       jump_table.o
    0x1fff46e8   0x1fff46e8   0x00000304   Code   RO         4858    i._printf_core      mc_p.l(printf6.o)
    0x1fff49ec   0x1fff49ec   0x00000020   Code   RO         4859    i._printf_post_padding  mc_p.l(printf6.o)
    0x1fff4a0c   0x1fff4a0c   0x0000002c   Code   RO         4860    i._printf_pre_padding  mc_p.l(printf6.o)
    0x1fff4a38   0x1fff4a38   0x00000018   Code   RO         3722    i._rom_sec_boot_init  rf.lib(phy_sec_ext.o)
    0x1fff4a50   0x1fff4a50   0x00000068   Code   RO         1176    i._spif_wait_nobusy_x  flash.o
    0x1fff4ab8   0x1fff4ab8   0x0000000a   Code   RO         4862    i._sputc            mc_p.l(printf6.o)
    0x1fff4ac2   0x1fff4ac2   0x0000000e   Code   RO          919    i._uart_putc        my_printf.o
    0x1fff4ad0   0x1fff4ad0   0x00000268   Code   RO         4623    i.acos              m_ps.l(acos.o)
    0x1fff4d38   0x1fff4d38   0x00000030   Code   RO         2961    i.ajust_jws         prosedure.o
    0x1fff4d68   0x1fff4d68   0x00000060   Code   RO         3409    i.app_datetime      app_datetime.o
    0x1fff4dc8   0x1fff4dc8   0x00000070   Code   RO         3410    i.app_datetime_adjust_baseline  app_datetime.o
    0x1fff4e38   0x1fff4e38   0x00000068   Code   RO         3412    i.app_datetime_init  app_datetime.o
    0x1fff4ea0   0x1fff4ea0   0x000000a0   Code   RO         3413    i.app_datetime_set  app_datetime.o
    0x1fff4f40   0x1fff4f40   0x00000014   Code   RO         2620    i.app_main          simplebleperipheral_main.o
    0x1fff4f54   0x1fff4f54   0x0000021c   Code   RO         4633    i.atan              m_ps.l(atan.o)
    0x1fff5170   0x1fff5170   0x00000070   Code   RO         2975    i.cek_jwds          prosedure.o
    0x1fff51e0   0x1fff51e0   0x0000003c   Code   RO         2635    i.charWidth         dmd.o
    0x1fff521c   0x1fff521c   0x000000d4   Code   RO         3563    i.check_16MXtal_by_rcTracking  rf.lib(patch.o)
    0x1fff52f0   0x1fff52f0   0x00000110   Code   RO         3564    i.check_96MXtal_by_rcTracking  rf.lib(patch.o)
    0x1fff5400   0x1fff5400   0x00000020   Code   RO         1276    i.check_addr        fs.o
    0x1fff5420   0x1fff5420   0x00000020   Code   RO         2636    i.clearScreen       dmd.o
    0x1fff5440   0x1fff5440   0x00000010   Code   RO         1379    i.clear_adcc_cfg    adc.o
    0x1fff5450   0x1fff5450   0x00000068   Code   RO         2866    i.conversi          jdwsl.o
    0x1fff54b8   0x1fff54b8   0x00000098   Code   RO         4643    i.cos               m_ps.l(cos.o)
    0x1fff5550   0x1fff5550   0x0000001c   Code   RO          920    i.dbg_printf        my_printf.o
    0x1fff556c   0x1fff556c   0x00000014   Code   RO          921    i.dbg_printf_init   my_printf.o
    0x1fff5580   0x1fff5580   0x0000012c   Code   RO         2867    i.delta             jdwsl.o
    0x1fff56ac   0x1fff56ac   0x00000204   Code   RO         2977    i.disp_panel        prosedure.o
    0x1fff58b0   0x1fff58b0   0x0000014c   Code   RO         2637    i.drawChar          dmd.o
    0x1fff59fc   0x1fff59fc   0x00000026   Code   RO         2638    i.drawFilledBox     dmd.o
    0x1fff5a22   0x1fff5a22   0x000000b0   Code   RO         2639    i.drawLine          dmd.o
    0x1fff5ad2   COMPRESSED   0x00000002   PAD
    0x1fff5ad4   0x1fff5ad4   0x00000054   Code   RO         2640    i.drawMarquee       dmd.o
    0x1fff5b28   0x1fff5b28   0x00000088   Code   RO         2641    i.drawString        dmd.o
    0x1fff5bb0   0x1fff5bb0   0x00000104   Code   RO         2759    i.eltop_Init        eltop.o
    0x1fff5cb4   0x1fff5cb4   0x00000328   Code   RO         2760    i.eltop_ProcessEvent  eltop.o
    0x1fff5fdc   0x1fff5fdc   0x0000008c   Code   RO         3723    i.finidv            rf.lib(phy_sec_ext.o)
    0x1fff6068   0x1fff6068   0x000000b8   Code   RO         2979    i.fixjam            prosedure.o
    0x1fff6120   0x1fff6120   0x0000014c   Code   RO         1277    i.fs_init           fs.o
    0x1fff626c   0x1fff626c   0x00000174   Code   RO         1278    i.fs_search_items   fs.o
    0x1fff63e0   0x1fff63e0   0x0000002c   Code   RO         1279    i.fs_spif_read      fs.o
    0x1fff640c   0x1fff640c   0x00000040   Code   RO         1280    i.fs_spif_write     fs.o
    0x1fff644c   0x1fff644c   0x000000a4   Code   RO         2981    i.gbr               prosedure.o
    0x1fff64f0   0x1fff64f0   0x000000d4   Code   RO         3416    i.get_default_tm    app_datetime.o
    0x1fff65c4   0x1fff65c4   0x000000c4   Code   RO         1380    i.hal_ADC_IRQHandler  adc.o
    0x1fff6688   0x1fff6688   0x00000018   Code   RO          472    i.hal_GPIO_IRQHandler  gpio.o
    0x1fff66a0   0x1fff66a0   0x00000024   Code   RO          694    i.hal_TIMER5_IRQHandler  timer.o
    0x1fff66c4   0x1fff66c4   0x00000024   Code   RO          695    i.hal_TIMER6_IRQHandler  timer.o
    0x1fff66e8   0x1fff66e8   0x00000044   Code   RO          183    i.hal_UART1_IRQHandler  uart.o
    0x1fff672c   0x1fff672c   0x000000b4   Code   RO         1385    i.hal_adc_stop      adc.o
    0x1fff67e0   0x1fff67e0   0x00000048   Code   RO         1179    i.hal_cache_tag_flush  flash.o
    0x1fff6828   0x1fff6828   0x00000034   Code   RO          381    i.hal_clk_gate_disable  clock.o
    0x1fff685c   0x1fff685c   0x00000034   Code   RO          382    i.hal_clk_gate_enable  clock.o
    0x1fff6890   0x1fff6890   0x0000007a   Code   RO          385    i.hal_clk_reset     clock.o
    0x1fff690a   COMPRESSED   0x00000002   PAD
    0x1fff690c   0x1fff690c   0x0000005c   Code   RO         1183    i.hal_flash_read    flash.o
    0x1fff6968   0x1fff6968   0x000000a0   Code   RO         1184    i.hal_flash_write   flash.o
    0x1fff6a08   0x1fff6a08   0x00000048   Code   RO         1283    i.hal_fs_get_free_size  fs.o
    0x1fff6a50   0x1fff6a50   0x00000028   Code   RO         1285    i.hal_fs_init       fs.o
    0x1fff6a78   0x1fff6a78   0x0000000c   Code   RO         1286    i.hal_fs_initialized  fs.o
    0x1fff6a84   0x1fff6a84   0x000000a4   Code   RO         1287    i.hal_fs_item_del   fs.o
    0x1fff6b28   0x1fff6b28   0x00000024   Code   RO         1288    i.hal_fs_item_find_id  fs.o
    0x1fff6b4c   0x1fff6b4c   0x000000ac   Code   RO         1289    i.hal_fs_item_read  fs.o
    0x1fff6bf8   0x1fff6bf8   0x00000148   Code   RO         1290    i.hal_fs_item_write  fs.o
    0x1fff6d40   0x1fff6d40   0x00000030   Code   RO          473    i.hal_gpio_cfg_analog_io  gpio.o
    0x1fff6d70   0x1fff6d70   0x0000001c   Code   RO          477    i.hal_gpio_fmux     gpio.o
    0x1fff6d8c   0x1fff6d8c   0x00000038   Code   RO          478    i.hal_gpio_fmux_set  gpio.o
    0x1fff6dc4   0x1fff6dc4   0x0000005c   Code   RO          479    i.hal_gpio_init     gpio.o
    0x1fff6e20   0x1fff6e20   0x00000040   Code   RO          480    i.hal_gpio_interrupt_enable  gpio.o
    0x1fff6e60   0x1fff6e60   0x0000001c   Code   RO          481    i.hal_gpio_pin2pin3_control  gpio.o
    0x1fff6e7c   0x1fff6e7c   0x00000060   Code   RO          482    i.hal_gpio_pin_init  gpio.o
    0x1fff6edc   0x1fff6edc   0x00000044   Code   RO          483    i.hal_gpio_pull_set  gpio.o
    0x1fff6f20   0x1fff6f20   0x00000024   Code   RO          484    i.hal_gpio_read     gpio.o
    0x1fff6f44   0x1fff6f44   0x0000005c   Code   RO          485    i.hal_gpio_retention_enable  gpio.o
    0x1fff6fa0   0x1fff6fa0   0x00000048   Code   RO          486    i.hal_gpio_sleep_handler  gpio.o
    0x1fff6fe8   0x1fff6fe8   0x00000044   Code   RO          487    i.hal_gpio_wakeup_control  gpio.o
    0x1fff702c   0x1fff702c   0x00000088   Code   RO          488    i.hal_gpio_wakeup_handler  gpio.o
    0x1fff70b4   0x1fff70b4   0x00000078   Code   RO          489    i.hal_gpio_wakeup_set  gpio.o
    0x1fff712c   0x1fff712c   0x00000024   Code   RO          490    i.hal_gpio_write    gpio.o
    0x1fff7150   0x1fff7150   0x00000064   Code   RO          492    i.hal_gpioin_enable  gpio.o
    0x1fff71b4   0x1fff71b4   0x00000068   Code   RO          493    i.hal_gpioin_event  gpio.o
    0x1fff721c   0x1fff721c   0x00000024   Code   RO          494    i.hal_gpioin_event_pin  gpio.o
    0x1fff7240   0x1fff7240   0x0000006c   Code   RO            4    i.hal_low_power_io_init  main.o
    0x1fff72ac   0x1fff72ac   0x00000064   Code   RO         1036    i.hal_pwm_init      pwm.o
    0x1fff7310   0x1fff7310   0x00000030   Code   RO         1039    i.hal_pwm_open_channel  pwm.o
    0x1fff7340   0x1fff7340   0x00000038   Code   RO         1040    i.hal_pwm_set_count_val  pwm.o
    0x1fff7378   0x1fff7378   0x00000030   Code   RO         1041    i.hal_pwm_start     pwm.o
    0x1fff73a8   0x1fff73a8   0x0000002c   Code   RO          793    i.hal_pwrmgr_LowCurrentLdo_enable  pwrmgr.o
    0x1fff73d4   0x1fff73d4   0x00000018   Code   RO          794    i.hal_pwrmgr_RAM_retention  pwrmgr.o
    0x1fff73ec   0x1fff73ec   0x00000020   Code   RO          796    i.hal_pwrmgr_RAM_retention_set  pwrmgr.o
    0x1fff740c   0x1fff740c   0x00000030   Code   RO          798    i.hal_pwrmgr_init   pwrmgr.o
    0x1fff743c   0x1fff743c   0x00000058   Code   RO          800    i.hal_pwrmgr_lock   pwrmgr.o
    0x1fff7494   0x1fff7494   0x0000003c   Code   RO          802    i.hal_pwrmgr_register  pwrmgr.o
    0x1fff74d0   0x1fff74d0   0x00000030   Code   RO          803    i.hal_pwrmgr_sleep_process  pwrmgr.o
    0x1fff7500   0x1fff7500   0x00000068   Code   RO          804    i.hal_pwrmgr_unlock  pwrmgr.o
    0x1fff7568   0x1fff7568   0x00000074   Code   RO          806    i.hal_pwrmgr_wakeup_process  pwrmgr.o
    0x1fff75dc   0x1fff75dc   0x00000088   Code   RO            5    i.hal_rfphy_init    main.o
    0x1fff7664   0x1fff7664   0x00000008   Code   RO         3566    i.hal_rom_boot_init  rf.lib(patch.o)
    0x1fff766c   0x1fff766c   0x00000084   Code   RO          387    i.hal_rtc_clock_config  clock.o
    0x1fff76f0   0x1fff76f0   0x00000024   Code   RO         1186    i.hal_spif_cache_init  flash.o
    0x1fff7714   0x1fff7714   0x0000002c   Code   RO          697    i.hal_timer_init    timer.o
    0x1fff7740   0x1fff7740   0x00000068   Code   RO          699    i.hal_timer_set     timer.o
    0x1fff77a8   0x1fff77a8   0x00000016   Code   RO          700    i.hal_timer_set_loadtimer  timer.o
    0x1fff77be   COMPRESSED   0x00000002   PAD
    0x1fff77c0   0x1fff77c0   0x00000014   Code   RO          701    i.hal_timer_sleep_handler  timer.o
    0x1fff77d4   0x1fff77d4   0x00000048   Code   RO          702    i.hal_timer_stop    timer.o
    0x1fff781c   0x1fff781c   0x0000000a   Code   RO          703    i.hal_timer_stop_counter  timer.o
    0x1fff7826   COMPRESSED   0x00000002   PAD
    0x1fff7828   0x1fff7828   0x00000014   Code   RO          704    i.hal_timer_wakeup_handler  timer.o
    0x1fff783c   0x1fff783c   0x00000064   Code   RO          186    i.hal_uart_init     uart.o
    0x1fff78a0   0x1fff78a0   0x00000020   Code   RO          187    i.hal_uart_send_buff  uart.o
    0x1fff78c0   0x1fff78c0   0x00000144   Code   RO         2983    i.hitung_jws        prosedure.o
    0x1fff7a04   0x1fff7a04   0x00000078   Code   RO         1187    i.hw_spif_cache_config  flash.o
    0x1fff7a7c   0x1fff7a7c   0x00000038   Code   RO         2985    i.iqomah_off        prosedure.o
    0x1fff7ab4   0x1fff7ab4   0x00000058   Code   RO          190    i.irq_rx_handler    uart.o
    0x1fff7b0c   0x1fff7b0c   0x00000098   Code   RO          191    i.irq_tx_empty_handler  uart.o
    0x1fff7ba4   0x1fff7ba4   0x000000a4   Code   RO         2986    i.jam               prosedure.o
    0x1fff7c48   0x1fff7c48   0x0000005c   Code   RO         2989    i.jam_dtk3          prosedure.o
    0x1fff7ca4   0x1fff7ca4   0x0000007c   Code   RO         2990    i.jam_dtk4          prosedure.o
    0x1fff7d20   0x1fff7d20   0x00000090   Code   RO         2993    i.jam_mini_bold     prosedure.o
    0x1fff7db0   0x1fff7db0   0x000001a0   Code   RO         2996    i.jdws_sow3         prosedure.o
    0x1fff7f50   0x1fff7f50   0x000001b0   Code   RO         2997    i.jdws_sow4         prosedure.o
    0x1fff8100   0x1fff8100   0x00000040   Code   RO         3568    i.llCalcMaxScanTime1  rf.lib(patch.o)
    0x1fff8140   0x1fff8140   0x0000000c   Code   RO         3572    i.llProcessTxData1  rf.lib(patch.o)
    0x1fff814c   0x1fff814c   0x00000050   Code   RO         3573    i.llSecAdvAllow1    rf.lib(patch.o)
    0x1fff819c   0x1fff819c   0x00000098   Code   RO         3574    i.llSetupSecAdvEvt1  rf.lib(patch.o)
    0x1fff8234   0x1fff8234   0x000001ac   Code   RO         3576    i.ll_generateTxBuffer1  rf.lib(patch.o)
    0x1fff83e0   0x1fff83e0   0x000001e8   Code   RO         3577    i.ll_hw_go1         rf.lib(patch.o)
    0x1fff85c8   0x1fff85c8   0x00000038   Code   RO         3580    i.ll_patch_slave    rf.lib(patch.o)
    0x1fff8600   0x1fff8600   0x00000018   Code   RO         3581    i.ll_processBasicIRQ_SRX  rf.lib(patch.o)
    0x1fff8618   0x1fff8618   0x00000018   Code   RO         3583    i.ll_processBasicIRQ_secondaryAdvTRX  rf.lib(patch.o)
    0x1fff8630   0x1fff8630   0x00000268   Code   RO          922    i.log_vsprintf      my_printf.o
    0x1fff8898   0x1fff8898   0x00000130   Code   RO            6    i.main              main.o
    0x1fff89c8   0x1fff89c8   0x0000005c   Code   RO         3002    i.mini_8x8          prosedure.o
    0x1fff8a24   0x1fff8a24   0x00000148   Code   RO         3004    i.msk_sholat43      prosedure.o
    0x1fff8b6c   0x1fff8b6c   0x0000002c   Code   RO          923    i.my_dump_byte      my_printf.o
    0x1fff8b98   0x1fff8b98   0x00000168   Code   RO          924    i.number            my_printf.o
    0x1fff8d00   0x1fff8d00   0x00000068   Code   RO         2466    i.osalInitTasks     osal_simplebleperipheral.o
    0x1fff8d68   0x1fff8d68   0x00000012   Code   RO         1129    i.osal_snv_init     osal_snv.o
    0x1fff8d7a   0x1fff8d7a   0x00000016   Code   RO         1130    i.osal_snv_read     osal_snv.o
    0x1fff8d90   0x1fff8d90   0x0000007c   Code   RO         3007    i.pilih_azan        prosedure.o
    0x1fff8e0c   0x1fff8e0c   0x000009fc   Code   RO         4659    i.pow               m_ps.l(pow.o)
    0x1fff9808   0x1fff9808   0x00000030   Code   RO         3417    i.print_hex         app_datetime.o
    0x1fff9838   0x1fff9838   0x00000018   Code   RO         3008    i.proses_data       prosedure.o
    0x1fff9850   0x1fff9850   0x00000030   Code   RO         2868    i.rad_ldtde         jdwsl.o
    0x1fff9880   0x1fff9880   0x00000068   Code   RO         3657    i.rc32k_calibration  rf.lib(rf_phy_driver.o)
    0x1fff98e8   0x1fff98e8   0x0000002c   Code   RO         3588    i.read_LL_remainder_time1  rf.lib(patch.o)
    0x1fff9914   0x1fff9914   0x00000490   Code   RO         3009    i.read_data_flash   prosedure.o
    0x1fff9da4   0x1fff9da4   0x00000028   Code   RO         3658    i.rf_calibrate1     rf.lib(rf_phy_driver.o)
    0x1fff9dcc   0x1fff9dcc   0x00000118   Code   RO         3659    i.rf_phy_ana_cfg    rf.lib(rf_phy_driver.o)
    0x1fff9ee4   0x1fff9ee4   0x000001a0   Code   RO         3660    i.rf_phy_bb_cfg     rf.lib(rf_phy_driver.o)
    0x1fffa084   0x1fffa084   0x00000094   Code   RO         3661    i.rf_phy_change_cfg0  rf.lib(rf_phy_driver.o)
    0x1fffa118   0x1fffa118   0x0000003c   Code   RO         3677    i.rf_phy_ini        rf.lib(rf_phy_driver.o)
    0x1fffa154   0x1fffa154   0x00000074   Code   RO         3678    i.rf_phy_set_txPower  rf.lib(rf_phy_driver.o)
    0x1fffa1c8   0x1fffa1c8   0x00000120   Code   RO         3679    i.rf_rxDcoc_cfg     rf.lib(rf_phy_driver.o)
    0x1fffa2e8   0x1fffa2e8   0x0000004c   Code   RO         3682    i.rf_tpCal_gen_cap_arrary  rf.lib(rf_phy_driver.o)
    0x1fffa334   0x1fffa334   0x00000118   Code   RO         3683    i.rf_tp_cal         rf.lib(rf_phy_driver.o)
    0x1fffa44c   0x1fffa44c   0x0000073c   Code   RO         3010    i.rxscan            prosedure.o
    0x1fffab88   0x1fffab88   0x00000328   Code   RO         2642    i.scanDisplayBySPI  dmd.o
    0x1fffaeb0   0x1fffaeb0   0x00000038   Code   RO         2869    i.sdt_tgl           jdwsl.o
    0x1fffaee8   0x1fffaee8   0x0000000c   Code   RO         2643    i.selectFont        dmd.o
    0x1fffaef4   0x1fffaef4   0x00000030   Code   RO         3011    i.set_buf_iqm       prosedure.o
    0x1fffaf24   0x1fffaf24   0x00000030   Code   RO         2037    i.simpleProfile_HandleConnStatusCB  sbpprofile_ota.o
    0x1fffaf54   0x1fffaf54   0x000000d4   Code   RO         2039    i.simpleProfile_ReadAttrCB  sbpprofile_ota.o
    0x1fffb028   0x1fffb028   0x0000010c   Code   RO         2040    i.simpleProfile_WriteAttrCB  sbpprofile_ota.o
    0x1fffb134   0x1fffb134   0x0000009c   Code   RO         4669    i.sin               m_ps.l(sin.o)
    0x1fffb1d0   0x1fffb1d0   0x00000020   Code   RO          925    i.skip_atoi         my_printf.o
    0x1fffb1f0   0x1fffb1f0   0x00000028   Code   RO         3016    i.sow_panel         prosedure.o
    0x1fffb218   0x1fffb218   0x00000038   Code   RO         2644    i.spi               dmd.o
    0x1fffb250   0x1fffb250   0x00000048   Code   RO         5029    i.sqrt              m_ps.l(sqrt.o)
    0x1fffb298   0x1fffb298   0x000000d4   Code   RO         2646    i.stepMarqueePanel  dmd.o
    0x1fffb36c   0x1fffb36c   0x00000138   Code   RO         2647    i.stepMarquees      dmd.o
    0x1fffb4a4   0x1fffb4a4   0x0000004c   Code   RO         2870    i.tambahan          jdwsl.o
    0x1fffb4f0   0x1fffb4f0   0x00000060   Code   RO         4677    i.tan               m_ps.l(tan.o)
    0x1fffb550   0x1fffb550   0x0000000c   Code   RO         2761    i.timer_process     eltop.o
    0x1fffb55c   0x1fffb55c   0x0000006c   Code   RO          192    i.txmit_buf_polling  uart.o
    0x1fffb5c8   0x1fffb5c8   0x000000bc   Code   RO          193    i.txmit_buf_use_tx_buf  uart.o
    0x1fffb684   0x1fffb684   0x00000080   Code   RO          194    i.uart_hw_deinit    uart.o
    0x1fffb704   0x1fffb704   0x00000158   Code   RO          195    i.uart_hw_init      uart.o
    0x1fffb85c   0x1fffb85c   0x0000000a   Code   RO          196    i.uart_wakeup_process_0  uart.o
    0x1fffb866   0x1fffb866   0x0000000a   Code   RO          197    i.uart_wakeup_process_1  uart.o
    0x1fffb870   0x1fffb870   0x000000f4   Code   RO         3590    i.wakeup_init1      rf.lib(patch.o)
    0x1fffb964   0x1fffb964   0x00000068   Code   RO         2648    i.writePixel        dmd.o
    0x1fffb9cc   0x1fffb9cc   0x0000001c   Data   RO            8    .constdata          main.o
    0x1fffb9e8   0x1fffb9e8   0x0000000c   Data   RO          199    .constdata          uart.o
    0x1fffb9f4   0x1fffb9f4   0x0000008a   Data   RO          501    .constdata          gpio.o
    0x1fffba7e   COMPRESSED   0x00000002   PAD
    0x1fffba80   0x1fffba80   0x00000010   Data   RO          926    .constdata          my_printf.o
    0x1fffba90   0x1fffba90   0x00000002   Data   RO         2043    .constdata          sbpprofile_ota.o
    0x1fffba92   0x1fffba92   0x00000002   Data   RO         2044    .constdata          sbpprofile_ota.o
    0x1fffba94   0x1fffba94   0x00000002   Data   RO         2045    .constdata          sbpprofile_ota.o
    0x1fffba96   0x1fffba96   0x00000002   Data   RO         2046    .constdata          sbpprofile_ota.o
    0x1fffba98   0x1fffba98   0x00000008   Data   RO         2047    .constdata          sbpprofile_ota.o
    0x1fffbaa0   0x1fffbaa0   0x0000000c   Data   RO         2048    .constdata          sbpprofile_ota.o
    0x1fffbaac   0x1fffbaac   0x00000028   Data   RO         2467    .constdata          osal_simplebleperipheral.o
    0x1fffbad4   0x1fffbad4   0x00000001   Data   RO         2468    .constdata          osal_simplebleperipheral.o
    0x1fffbad5   0x1fffbad5   0x000001e6   Data   RO         2765    .constdata          eltop.o
    0x1fffbcbb   0x1fffbcbb   0x000009d3   Data   RO         3020    .constdata          prosedure.o
    0x1fffc68e   COMPRESSED   0x00000002   PAD
    0x1fffc690   0x1fffc690   0x00000030   Data   RO         3420    .constdata          app_datetime.o
    0x1fffc6c0   0x1fffc6c0   0x00000050   Data   RO         4624    .constdata          m_ps.l(acos.o)
    0x1fffc710   0x1fffc710   0x00000098   Data   RO         4634    .constdata          m_ps.l(atan.o)
    0x1fffc7a8   0x1fffc7a8   0x00000088   Data   RO         4660    .constdata          m_ps.l(pow.o)
    0x1fffc830   0x1fffc830   0x0000000c   Data   RO         4692    .constdata          mc_p.l(mktime.o)
    0x1fffc83c   COMPRESSED   0x00000004   PAD
    0x1fffc840   0x1fffc840   0x00000030   Data   RO         4994    .constdata          m_ps.l(cos_i.o)
    0x1fffc870   0x1fffc870   0x00000008   Data   RO         5014    .constdata          m_ps.l(qnan.o)
    0x1fffc878   0x1fffc878   0x000000c8   Data   RO         5017    .constdata          m_ps.l(rred.o)
    0x1fffc940   0x1fffc940   0x00000028   Data   RO         5023    .constdata          m_ps.l(sin_i.o)
    0x1fffc968   0x1fffc968   0x00000060   Data   RO         5037    .constdata          m_ps.l(tan_i.o)
    0x1fffc9c8   0x1fffc9c8   0x0000000c   Data   RO         5071    .constdata          mc_p.l(localtime_i.o)
    0x1fffc9d4   0x1fffc9d4   0x0000004d   Data   RO          927    .conststring        my_printf.o
    0x1fffca21   COMPRESSED   0x00000003   PAD
    0x1fffca24   0x1fffca24   0x000001ba   Data   RO         3021    .conststring        prosedure.o
    0x1fffcbde   COMPRESSED   0x00000002   PAD
    0x1fffcbe0   0x1fffcbe0   0x00000030   Data   RO         3421    .conststring        app_datetime.o
    0x1fffcc10   0x1fffcc10   0x00000011   Data   RO         3727    .conststring        rf.lib(phy_sec_ext.o)
    0x1fffcc21   COMPRESSED   0x00000003   PAD
    0x1fffcc24   0x1fffcc24   0x00000050   Data   RO         5101    Region$$Table       anon$$obj.o
    0x1fffcc74   COMPRESSED   0x00000001   Data   RW            9    .data               main.o
    0x1fffcc75   COMPRESSED   0x00000003   PAD
    0x1fffcc78   COMPRESSED   0x00000004   Data   RW          706    .data               timer.o
    0x1fffcc7c   COMPRESSED   0x00000018   Data   RW          808    .data               pwrmgr.o
    0x1fffcc94   COMPRESSED   0x00000008   Data   RW          928    .data               my_printf.o
    0x1fffcc9c   COMPRESSED   0x0000000a   Data   RW         1044    .data               pwm.o
    0x1fffcca6   COMPRESSED   0x00000002   PAD
    0x1fffcca8   COMPRESSED   0x00000010   Data   RW         1189    .data               flash.o
    0x1fffccb8   COMPRESSED   0x00000008   Data   RW         1292    .data               fs.o
    0x1fffccc0   COMPRESSED   0x0000000f   Data   RW         1390    .data               adc.o
    0x1fffcccf   COMPRESSED   0x00000001   PAD
    0x1fffccd0   COMPRESSED   0x00000080   Data   RW         1498    .data               gapgattserver.o
    0x1fffcd50   COMPRESSED   0x00000001   Data   RW         1499    .data               gapgattserver.o
    0x1fffcd51   COMPRESSED   0x00000001   Data   RW         1500    .data               gapgattserver.o
    0x1fffcd52   COMPRESSED   0x00000001   Data   RW         1501    .data               gapgattserver.o
    0x1fffcd53   COMPRESSED   0x00000001   PAD
    0x1fffcd54   COMPRESSED   0x00000061   Data   RW         1594    .data               peripheral.o
    0x1fffcdb5   COMPRESSED   0x00000003   PAD
    0x1fffcdb8   COMPRESSED   0x00000060   Data   RW         1724    .data               gattservapp.o
    0x1fffce18   COMPRESSED   0x00000001   Data   RW         1725    .data               gattservapp.o
    0x1fffce19   COMPRESSED   0x00000003   PAD
    0x1fffce1c   COMPRESSED   0x000000d0   Data   RW         2049    .data               sbpprofile_ota.o
    0x1fffceec   COMPRESSED   0x00000001   Data   RW         2050    .data               sbpprofile_ota.o
    0x1fffceed   COMPRESSED   0x00000009   Data   RW         2051    .data               sbpprofile_ota.o
    0x1fffcef6   COMPRESSED   0x00000001   Data   RW         2052    .data               sbpprofile_ota.o
    0x1fffcef7   COMPRESSED   0x0000000a   Data   RW         2053    .data               sbpprofile_ota.o
    0x1fffcf01   COMPRESSED   0x00000001   Data   RW         2054    .data               sbpprofile_ota.o
    0x1fffcf02   COMPRESSED   0x0000000a   Data   RW         2055    .data               sbpprofile_ota.o
    0x1fffcf0c   COMPRESSED   0x00000008   Data   RW         2056    .data               sbpprofile_ota.o
    0x1fffcf14   COMPRESSED   0x00000028   Data   RW         2277    .data               gapbondmgr.o
    0x1fffcf3c   COMPRESSED   0x00000004   Data   RW         2428    .data               jump_table.o
    0x1fffcf40   COMPRESSED   0x00000004   Data   RW         2469    .data               osal_simplebleperipheral.o
    0x1fffcf44   COMPRESSED   0x0000004b   Data   RW         2552    .data               simplebleperipheral.o
    0x1fffcf8f   COMPRESSED   0x00000001   PAD
    0x1fffcf90   COMPRESSED   0x00000038   Data   RW         2649    .data               dmd.o
    0x1fffcfc8   COMPRESSED   0x00000001   Data   RW         2656    .data               dmd.o
    0x1fffcfc9   COMPRESSED   0x00000003   PAD
    0x1fffcfcc   COMPRESSED   0x0000000c   Data   RW         2766    .data               eltop.o
    0x1fffcfd8   COMPRESSED   0x00000004   Data   RW         2767    .data               eltop.o
    0x1fffcfdc   COMPRESSED   0x00000005   Data   RW         2768    .data               eltop.o
    0x1fffcfe1   COMPRESSED   0x00000007   Data   RW         2769    .data               eltop.o
    0x1fffcfe8   COMPRESSED   0x00000008   Data   RW         2770    .data               eltop.o
    0x1fffcff0   COMPRESSED   0x00000156   Data   RW         3022    .data               prosedure.o
    0x1fffd146   COMPRESSED   0x00000002   PAD
    0x1fffd148   COMPRESSED   0x00000004   Data   RW         3502    .data               system_armcm0.o
    0x1fffd14c   COMPRESSED   0x00000018   Data   RW         3594    .data               rf.lib(patch.o)
    0x1fffd164   COMPRESSED   0x00000008   Data   RW         3685    .data               rf.lib(rf_phy_driver.o)
    0x1fffd16c   COMPRESSED   0x00000004   Data   RW         3728    .data               rf.lib(phy_sec_ext.o)
    0x1fffd170   COMPRESSED   0x00000001   Data   RW         3729    .data               rf.lib(phy_sec_ext.o)
    0x1fffd171   COMPRESSED   0x00000001   PAD
    0x1fffd172   COMPRESSED   0x00000008   Data   RW         3831    .data               ble_host.lib(att_util.o)
    0x1fffd17a   COMPRESSED   0x00000004   Data   RW         3832    .data               ble_host.lib(att_util.o)
    0x1fffd17e   COMPRESSED   0x0000005a   Data   RW         3967    .data               ble_host.lib(gap_configmgr.o)
    0x1fffd1d8   COMPRESSED   0x00000008   Data   RW         3997    .data               ble_host.lib(gap_devmgr.o)
    0x1fffd1e0   COMPRESSED   0x00000010   Data   RW         4029    .data               ble_host.lib(gap_linkmgr.o)
    0x1fffd1f0   COMPRESSED   0x0000001c   Data   RW         4079    .data               ble_host.lib(gap_peridevmgr.o)
    0x1fffd20c   COMPRESSED   0x0000000c   Data   RW         4121    .data               ble_host.lib(gap_task.o)
    0x1fffd218   COMPRESSED   0x00000010   Data   RW         4165    .data               ble_host.lib(gatt_server.o)
    0x1fffd228   COMPRESSED   0x0000000c   Data   RW         4210    .data               ble_host.lib(gatt_task.o)
    0x1fffd234   COMPRESSED   0x00000001   Data   RW         4242    .data               ble_host.lib(l2cap_if.o)
    0x1fffd235   COMPRESSED   0x00000001   Data   RW         4263    .data               ble_host.lib(l2cap_task.o)
    0x1fffd236   COMPRESSED   0x00000002   PAD
    0x1fffd238   COMPRESSED   0x0000000c   Data   RW         4315    .data               ble_host.lib(sm_rsppairing.o)
    0x1fffd244   COMPRESSED   0x00000004   Data   RW         4403    .data               ble_host.lib(l2cap_util.o)
    0x1fffd248   COMPRESSED   0x0000000c   Data   RW         4527    .data               ble_host.lib(sm_pairing.o)
    0x1fffd254   COMPRESSED   0x00000004   Data   RW         5076    .data               mc_p.l(errno.o)
    0x1fffd258   COMPRESSED   0x0000000e   Data   RW          809    _section_standby_code_  pwrmgr.o
    0x1fffd266   COMPRESSED   0x00000002   PAD
    0x1fffd268        -       0x000016fc   Zero   RW            7    .bss                main.o
    0x1fffe964        -       0x00000040   Zero   RW          198    .bss                uart.o
    0x1fffe9a4        -       0x0000012c   Zero   RW          500    .bss                gpio.o
    0x1fffead0        -       0x00000078   Zero   RW          807    .bss                pwrmgr.o
    0x1fffeb48        -       0x00000014   Zero   RW         1291    .bss                fs.o
    0x1fffeb5c        -       0x00000028   Zero   RW         1388    .bss                adc.o
    0x1fffeb84        -       0x00000016   Zero   RW         1495    .bss                gapgattserver.o
    0x1fffeb9a        -       0x0000003f   Zero   RW         1593    .bss                peripheral.o
    0x1fffebd9   COMPRESSED   0x00000001   PAD
    0x1fffebda        -       0x000002e8   Zero   RW         1721    .bss                gattservapp.o
    0x1fffeec2        -       0x00000028   Zero   RW         2041    .bss                sbpprofile_ota.o
    0x1fffeeea        -       0x00000014   Zero   RW         2042    .bss                sbpprofile_ota.o
    0x1fffeefe        -       0x000000a6   Zero   RW         2276    .bss                gapbondmgr.o
    0x1fffefa4        -       0x000002ac   Zero   RW         2762    .bss                eltop.o
    0x1ffff250        -       0x00000010   Zero   RW         2763    .bss                eltop.o
    0x1ffff260        -       0x0000000c   Zero   RW         2764    .bss                eltop.o
    0x1ffff26c        -       0x00000054   Zero   RW         2871    .bss                jdwsl.o
    0x1ffff2c0        -       0x0000000a   Zero   RW         3019    .bss                prosedure.o
    0x1ffff2ca   COMPRESSED   0x00000006   PAD
    0x1ffff2d0        -       0x00000010   Zero   RW         3419    .bss                app_datetime.o
    0x1ffff2e0        -       0x00000020   Zero   RW         3591    .bss                rf.lib(patch.o)
    0x1ffff300        -       0x00000010   Zero   RW         3725    .bss                rf.lib(phy_sec_ext.o)
    0x1ffff310        -       0x0000001c   Zero   RW         3966    .bss                ble_host.lib(gap_configmgr.o)
    0x1ffff32c        -       0x0000002e   Zero   RW         4262    .bss                ble_host.lib(l2cap_task.o)
    0x1ffff35a   COMPRESSED   0x00000002   PAD
    0x1ffff35c        -       0x0000003c   Zero   RW         4285    .bss                ble_host.lib(linkdb.o)
    0x1ffff398        -       0x0000000f   Zero   RW         4314    .bss                ble_host.lib(sm_rsppairing.o)
    0x1ffff3a7   COMPRESSED   0x00000001   PAD
    0x1ffff3a8        -       0x000000a0   Zero   RW         4402    .bss                ble_host.lib(l2cap_util.o)
    0x1ffff448        -       0x0000000f   Zero   RW         4467    .bss                ble_host.lib(sm_mgr.o)
    0x1ffff457   COMPRESSED   0x00000001   PAD
    0x1ffff458        -       0x0000002c   Zero   RW         5068    .bss                mc_p.l(localtime_w.o)
    0x1ffff484   COMPRESSED   0x00000004   PAD
    0x1ffff488        -       0x00000400   Zero   RW         3491    STACK               startup_armcm0.o



  Load Region LR_ROM_JT_GC (Base: 0x1fff0000, Size: 0x00000800, Max: 0x00000800, ABSOLUTE, COMPRESSED[0x0000040c])

    Execution Region JUMP_TABLE (Exec base: 0x1fff0000, Load base: 0x1fff0000, Size: 0x00000400, Max: 0x00000400, ABSOLUTE)

    Exec Addr    Load Addr    Size         Type   Attr      Idx    E Section Name        Object

    0x1fff0000   0x1fff0000   0x00000400   Data   RO         2430    jump_table_mem_area  jump_table.o


    Execution Region GOLBAL_CONFIG (Exec base: 0x1fff0400, Load base: 0x1fff0400, Size: 0x00000400, Max: 0x00000400, ABSOLUTE, COMPRESSED[0x0000000c])

    Exec Addr    Load Addr    Size         Type   Attr      Idx    E Section Name        Object

    0x1fff0400   COMPRESSED   0x00000400   Data   RW         2429    global_config_area  jump_table.o



  Load Region LR_ROM_XIP (Base: 0x11020000, Size: 0x00006720, Max: 0x00020000, ABSOLUTE)

    Execution Region ER_ROM_XIP (Exec base: 0x11020000, Load base: 0x11020000, Size: 0x00006720, Max: 0x00020000, ABSOLUTE)

    Exec Addr    Load Addr    Size         Type   Attr      Idx    E Section Name        Object

    0x11020000   0x11020000   0x0000000c   Ven    RO         5214    Veneer$$Code        anon$$obj.o
    0x1102000c   0x1102000c   0x0000000c   Ven    RO         5215    Veneer$$Code        anon$$obj.o
    0x11020018   0x11020018   0x0000000c   Ven    RO         5216    Veneer$$Code        anon$$obj.o
    0x11020024   0x11020024   0x0000000c   Ven    RO         5217    Veneer$$Code        anon$$obj.o
    0x11020030   0x11020030   0x0000000c   Ven    RO         5218    Veneer$$Code        anon$$obj.o
    0x1102003c   0x1102003c   0x0000000c   Ven    RO         5219    Veneer$$Code        anon$$obj.o
    0x11020048   0x11020048   0x0000000c   Ven    RO         5220    Veneer$$Code        anon$$obj.o
    0x11020054   0x11020054   0x0000000c   Ven    RO         5221    Veneer$$Code        anon$$obj.o
    0x11020060   0x11020060   0x0000000c   Ven    RO         5222    Veneer$$Code        anon$$obj.o
    0x1102006c   0x1102006c   0x0000000c   Ven    RO         5223    Veneer$$Code        anon$$obj.o
    0x11020078   0x11020078   0x0000000c   Ven    RO         5224    Veneer$$Code        anon$$obj.o
    0x11020084   0x11020084   0x0000000c   Ven    RO         5225    Veneer$$Code        anon$$obj.o
    0x11020090   0x11020090   0x0000000c   Ven    RO         5226    Veneer$$Code        anon$$obj.o
    0x1102009c   0x1102009c   0x0000000c   Ven    RO         5227    Veneer$$Code        anon$$obj.o
    0x110200a8   0x110200a8   0x0000000c   Ven    RO         5228    Veneer$$Code        anon$$obj.o
    0x110200b4   0x110200b4   0x0000000c   Ven    RO         5229    Veneer$$Code        anon$$obj.o
    0x110200c0   0x110200c0   0x0000000c   Ven    RO         5230    Veneer$$Code        anon$$obj.o
    0x110200cc   0x110200cc   0x0000000c   Ven    RO         5231    Veneer$$Code        anon$$obj.o
    0x110200d8   0x110200d8   0x0000000c   Ven    RO         5232    Veneer$$Code        anon$$obj.o
    0x110200e4   0x110200e4   0x0000000c   Ven    RO         5233    Veneer$$Code        anon$$obj.o
    0x110200f0   0x110200f0   0x0000000c   Ven    RO         5234    Veneer$$Code        anon$$obj.o
    0x110200fc   0x110200fc   0x0000000c   Ven    RO         5235    Veneer$$Code        anon$$obj.o
    0x11020108   0x11020108   0x0000000c   Ven    RO         5236    Veneer$$Code        anon$$obj.o
    0x11020114   0x11020114   0x0000000c   Ven    RO         5237    Veneer$$Code        anon$$obj.o
    0x11020120   0x11020120   0x0000000c   Ven    RO         5238    Veneer$$Code        anon$$obj.o
    0x1102012c   0x1102012c   0x0000000c   Ven    RO         5239    Veneer$$Code        anon$$obj.o
    0x11020138   0x11020138   0x0000000c   Ven    RO         5240    Veneer$$Code        anon$$obj.o
    0x11020144   0x11020144   0x0000000c   Ven    RO         5241    Veneer$$Code        anon$$obj.o
    0x11020150   0x11020150   0x0000000c   Ven    RO         5242    Veneer$$Code        anon$$obj.o
    0x1102015c   0x1102015c   0x0000000c   Ven    RO         5243    Veneer$$Code        anon$$obj.o
    0x11020168   0x11020168   0x0000000c   Ven    RO         5244    Veneer$$Code        anon$$obj.o
    0x11020174   0x11020174   0x0000000c   Ven    RO         5245    Veneer$$Code        anon$$obj.o
    0x11020180   0x11020180   0x0000000c   Ven    RO         5246    Veneer$$Code        anon$$obj.o
    0x1102018c   0x1102018c   0x0000000c   Ven    RO         5247    Veneer$$Code        anon$$obj.o
    0x11020198   0x11020198   0x0000000c   Ven    RO         5248    Veneer$$Code        anon$$obj.o
    0x110201a4   0x110201a4   0x0000000c   Ven    RO         5249    Veneer$$Code        anon$$obj.o
    0x110201b0   0x110201b0   0x0000000c   Ven    RO         5250    Veneer$$Code        anon$$obj.o
    0x110201bc   0x110201bc   0x0000000c   Ven    RO         5251    Veneer$$Code        anon$$obj.o
    0x110201c8   0x110201c8   0x0000000c   Ven    RO         5252    Veneer$$Code        anon$$obj.o
    0x110201d4   0x110201d4   0x0000000c   Ven    RO         5253    Veneer$$Code        anon$$obj.o
    0x110201e0   0x110201e0   0x0000000c   Ven    RO         5254    Veneer$$Code        anon$$obj.o
    0x110201ec   0x110201ec   0x0000000c   Ven    RO         5255    Veneer$$Code        anon$$obj.o
    0x110201f8   0x110201f8   0x0000000c   Ven    RO         5256    Veneer$$Code        anon$$obj.o
    0x11020204   0x11020204   0x0000000c   Ven    RO         5257    Veneer$$Code        anon$$obj.o
    0x11020210   0x11020210   0x0000000c   Ven    RO         5258    Veneer$$Code        anon$$obj.o
    0x1102021c   0x1102021c   0x0000000c   Ven    RO         5259    Veneer$$Code        anon$$obj.o
    0x11020228   0x11020228   0x0000000c   Ven    RO         5260    Veneer$$Code        anon$$obj.o
    0x11020234   0x11020234   0x0000000c   Ven    RO         5261    Veneer$$Code        anon$$obj.o
    0x11020240   0x11020240   0x0000000c   Ven    RO         5262    Veneer$$Code        anon$$obj.o
    0x1102024c   0x1102024c   0x0000000c   Ven    RO         5263    Veneer$$Code        anon$$obj.o
    0x11020258   0x11020258   0x0000000c   Ven    RO         5264    Veneer$$Code        anon$$obj.o
    0x11020264   0x11020264   0x0000000c   Ven    RO         5265    Veneer$$Code        anon$$obj.o
    0x11020270   0x11020270   0x0000000c   Ven    RO         5266    Veneer$$Code        anon$$obj.o
    0x1102027c   0x1102027c   0x0000000c   Ven    RO         5267    Veneer$$Code        anon$$obj.o
    0x11020288   0x11020288   0x0000000c   Ven    RO         5268    Veneer$$Code        anon$$obj.o
    0x11020294   0x11020294   0x0000000c   Ven    RO         5269    Veneer$$Code        anon$$obj.o
    0x110202a0   0x110202a0   0x0000000c   Ven    RO         5270    Veneer$$Code        anon$$obj.o
    0x110202ac   0x110202ac   0x0000000c   Ven    RO         5271    Veneer$$Code        anon$$obj.o
    0x110202b8   0x110202b8   0x0000000c   Ven    RO         5272    Veneer$$Code        anon$$obj.o
    0x110202c4   0x110202c4   0x000003b4   Code   RO         3538    _section_xip_code_  rf.lib(patch.o)
    0x11020678   0x11020678   0x00000016   Code   RO         3774    i.ATT_BuildErrorRsp  ble_host.lib(att_util.o)
    0x1102068e   0x1102068e   0x0000000e   Code   RO         3776    i.ATT_BuildExchangeMTURsp  ble_host.lib(att_util.o)
    0x1102069c   0x1102069c   0x00000030   Code   RO         3779    i.ATT_BuildFindByTypeValueRsp  ble_host.lib(att_util.o)
    0x110206cc   0x110206cc   0x0000006c   Code   RO         3781    i.ATT_BuildFindInfoRsp  ble_host.lib(att_util.o)
    0x11020738   0x11020738   0x00000020   Code   RO         3782    i.ATT_BuildHandleValueInd  ble_host.lib(att_util.o)
    0x11020758   0x11020758   0x0000002a   Code   RO         3784    i.ATT_BuildPrepareWriteRsp  ble_host.lib(att_util.o)
    0x11020782   0x11020782   0x00000010   Code   RO         3786    i.ATT_BuildReadBlobRsp  ble_host.lib(att_util.o)
    0x11020792   0x11020792   0x0000001a   Code   RO         3787    i.ATT_BuildReadByGrpTypeRsp  ble_host.lib(att_util.o)
    0x110207ac   0x110207ac   0x0000001a   Code   RO         3789    i.ATT_BuildReadByTypeRsp  ble_host.lib(att_util.o)
    0x110207c6   0x110207c6   0x00000010   Code   RO         3791    i.ATT_BuildReadMultiRsp  ble_host.lib(att_util.o)
    0x110207d6   0x110207d6   0x00000010   Code   RO         3793    i.ATT_BuildReadRsp  ble_host.lib(att_util.o)
    0x110207e6   0x110207e6   0x0000004a   Code   RO         3795    i.ATT_CompareUUID   ble_host.lib(att_util.o)
    0x11020830   0x11020830   0x0000002c   Code   RO         3796    i.ATT_ConvertUUIDto128  ble_host.lib(att_util.o)
    0x1102085c   0x1102085c   0x00000014   Code   RO         3742    i.ATT_ErrorRsp      ble_host.lib(att_server.o)
    0x11020870   0x11020870   0x00000040   Code   RO         3743    i.ATT_ExchangeMTURsp  ble_host.lib(att_server.o)
    0x110208b0   0x110208b0   0x0000000e   Code   RO         3744    i.ATT_ExecuteWriteRsp  ble_host.lib(att_server.o)
    0x110208be   0x110208be   0x00000002   PAD
    0x110208c0   0x110208c0   0x0000001c   Code   RO         3745    i.ATT_FindByTypeValueRsp  ble_host.lib(att_server.o)
    0x110208dc   0x110208dc   0x00000028   Code   RO         3746    i.ATT_FindInfoRsp   ble_host.lib(att_server.o)
    0x11020904   0x11020904   0x0000000c   Code   RO         3798    i.ATT_GetCurrentMTUSize  ble_host.lib(att_util.o)
    0x11020910   0x11020910   0x00000014   Code   RO         3747    i.ATT_HandleValueInd  ble_host.lib(att_server.o)
    0x11020924   0x11020924   0x0000000c   Code   RO         3800    i.ATT_InitMtuSize   ble_host.lib(att_util.o)
    0x11020930   0x11020930   0x00000018   Code   RO         3802    i.ATT_ParseExchangeMTUReq  ble_host.lib(att_util.o)
    0x11020948   0x11020948   0x00000012   Code   RO         3804    i.ATT_ParseExecuteWriteReq  ble_host.lib(att_util.o)
    0x1102095a   0x1102095a   0x00000048   Code   RO         3806    i.ATT_ParseFindByTypeValueReq  ble_host.lib(att_util.o)
    0x110209a2   0x110209a2   0x00000022   Code   RO         3808    i.ATT_ParseFindInfoReq  ble_host.lib(att_util.o)
    0x110209c4   0x110209c4   0x0000005e   Code   RO         3812    i.ATT_ParsePacket   ble_host.lib(att_util.o)
    0x11020a22   0x11020a22   0x00000038   Code   RO         3813    i.ATT_ParsePrepareWriteReq  ble_host.lib(att_util.o)
    0x11020a5a   0x11020a5a   0x00000022   Code   RO         3815    i.ATT_ParseReadBlobReq  ble_host.lib(att_util.o)
    0x11020a7c   0x11020a7c   0x0000003c   Code   RO         3818    i.ATT_ParseReadByTypeReq  ble_host.lib(att_util.o)
    0x11020ab8   0x11020ab8   0x00000044   Code   RO         3820    i.ATT_ParseReadMultiReq  ble_host.lib(att_util.o)
    0x11020afc   0x11020afc   0x00000018   Code   RO         3822    i.ATT_ParseReadReq  ble_host.lib(att_util.o)
    0x11020b14   0x11020b14   0x00000042   Code   RO         3824    i.ATT_ParseWriteReq  ble_host.lib(att_util.o)
    0x11020b56   0x11020b56   0x00000002   PAD
    0x11020b58   0x11020b58   0x00000014   Code   RO         3749    i.ATT_PrepareWriteRsp  ble_host.lib(att_server.o)
    0x11020b6c   0x11020b6c   0x00000014   Code   RO         3750    i.ATT_ReadBlobRsp   ble_host.lib(att_server.o)
    0x11020b80   0x11020b80   0x0000001c   Code   RO         3751    i.ATT_ReadByGrpTypeRsp  ble_host.lib(att_server.o)
    0x11020b9c   0x11020b9c   0x0000001c   Code   RO         3752    i.ATT_ReadByTypeRsp  ble_host.lib(att_server.o)
    0x11020bb8   0x11020bb8   0x00000014   Code   RO         3753    i.ATT_ReadMultiRsp  ble_host.lib(att_server.o)
    0x11020bcc   0x11020bcc   0x00000014   Code   RO         3754    i.ATT_ReadRsp       ble_host.lib(att_server.o)
    0x11020be0   0x11020be0   0x0000002c   Code   RO         3826    i.ATT_SetMTUSizeMax  ble_host.lib(att_util.o)
    0x11020c0c   0x11020c0c   0x00000018   Code   RO         3828    i.ATT_UpdateMtuSize  ble_host.lib(att_util.o)
    0x11020c24   0x11020c24   0x0000000e   Code   RO         3755    i.ATT_WriteRsp      ble_host.lib(att_server.o)
    0x11020c32   0x11020c32   0x00000002   PAD
    0x11020c34   0x11020c34   0x00000130   Code   RO         2249    i.GAPBondMgr_LinkEst  gapbondmgr.o
    0x11020d64   0x11020d64   0x000000b8   Code   RO         2254    i.GAPBondMgr_ResolveAddr  gapbondmgr.o
    0x11020e1c   0x11020e1c   0x00000044   Code   RO         1583    i.GAPRole_Init      peripheral.o
    0x11020e60   0x11020e60   0x000000f4   Code   RO         1584    i.GAPRole_ProcessEvent  peripheral.o
    0x11020f54   0x11020f54   0x00000058   Code   RO         1586    i.GAPRole_SendUpdateParam  peripheral.o
    0x11020fac   0x11020fac   0x00000214   Code   RO         1587    i.GAPRole_SetParameter  peripheral.o
    0x110211c0   0x110211c0   0x00000038   Code   RO         1588    i.GAPRole_StartDevice  peripheral.o
    0x110211f8   0x110211f8   0x00000020   Code   RO         1589    i.GAPRole_TerminateConnection  peripheral.o
    0x11021218   0x11021218   0x00000088   Code   RO         4008    i.GAP_Bond          ble_host.lib(gap_linkmgr.o)
    0x110212a0   0x110212a0   0x0000008c   Code   RO         1459    i.GAP_DeviceInit    gap.o
    0x1102132c   0x1102132c   0x00000054   Code   RO         4056    i.GAP_EndDiscoverable  ble_host.lib(gap_peridevmgr.o)
    0x11021380   0x11021380   0x00000018   Code   RO         3947    i.GAP_GetParamValue  ble_host.lib(gap_configmgr.o)
    0x11021398   0x11021398   0x00000020   Code   RO         4113    i.GAP_Init          ble_host.lib(gap_task.o)
    0x110213b8   0x110213b8   0x000000c0   Code   RO         4058    i.GAP_MakeDiscoverable  ble_host.lib(gap_peridevmgr.o)
    0x11021478   0x11021478   0x00000008   Code   RO         4114    i.GAP_NumActiveConnections  ble_host.lib(gap_task.o)
    0x11021480   0x11021480   0x00000038   Code   RO         3948    i.GAP_ParamsInit    ble_host.lib(gap_configmgr.o)
    0x110214b8   0x110214b8   0x00000048   Code   RO         4059    i.GAP_PeriDevMgrInit  ble_host.lib(gap_peridevmgr.o)
    0x11021500   0x11021500   0x000000e0   Code   RO         4115    i.GAP_ProcessEvent  ble_host.lib(gap_task.o)
    0x110215e0   0x110215e0   0x0000000c   Code   RO         4116    i.GAP_RegisterForHCIMsgs  ble_host.lib(gap_task.o)
    0x110215ec   0x110215ec   0x00000008   Code   RO         3992    i.GAP_ResolvePrivateAddr  ble_host.lib(gap_devmgr.o)
    0x110215f4   0x110215f4   0x00000040   Code   RO         3949    i.GAP_SecParamsInit  ble_host.lib(gap_configmgr.o)
    0x11021634   0x11021634   0x00000050   Code   RO         4107    i.GAP_SendSlaveSecurityRequest  ble_host.lib(gap_perilinkmgr.o)
    0x11021684   0x11021684   0x00000020   Code   RO         3950    i.GAP_SetParamValue  ble_host.lib(gap_configmgr.o)
    0x110216a4   0x110216a4   0x0000004c   Code   RO         4011    i.GAP_Signable      ble_host.lib(gap_linkmgr.o)
    0x110216f0   0x110216f0   0x00000080   Code   RO         4013    i.GAP_TerminateLinkReq  ble_host.lib(gap_linkmgr.o)
    0x11021770   0x11021770   0x00000074   Code   RO         4063    i.GAP_UpdateAdvertisingData  ble_host.lib(gap_peridevmgr.o)
    0x110217e4   0x110217e4   0x00000020   Code   RO         1683    i.GATTServApp_AddService  gattservapp.o
    0x11021804   0x11021804   0x0000004c   Code   RO         1689    i.GATTServApp_Init  gattservapp.o
    0x11021850   0x11021850   0x00000030   Code   RO         1690    i.GATTServApp_InitCharCfg  gattservapp.o
    0x11021880   0x11021880   0x00000058   Code   RO         1691    i.GATTServApp_ProcessCCCWriteReq  gattservapp.o
    0x110218d8   0x110218d8   0x00000038   Code   RO         1693    i.GATTServApp_ProcessEvent  gattservapp.o
    0x11021910   0x11021910   0x00000224   Code   RO         1694    i.GATTServApp_ReadAttr  gattservapp.o
    0x11021b34   0x11021b34   0x0000000e   Code   RO         1695    i.GATTServApp_ReadCharCfg  gattservapp.o
    0x11021b42   0x11021b42   0x00000002   PAD
    0x11021b44   0x11021b44   0x0000005c   Code   RO         1697    i.GATTServApp_RegisterService  gattservapp.o
    0x11021ba0   0x11021ba0   0x00000038   Code   RO         1698    i.GATTServApp_SendCCCUpdatedEvent  gattservapp.o
    0x11021bd8   0x11021bd8   0x00000024   Code   RO         1699    i.GATTServApp_SendServiceChangedInd  gattservapp.o
    0x11021bfc   0x11021bfc   0x00000018   Code   RO         1702    i.GATTServApp_UpdateCharCfg  gattservapp.o
    0x11021c14   0x11021c14   0x0000003e   Code   RO         1703    i.GATTServApp_WriteAttr  gattservapp.o
    0x11021c52   0x11021c52   0x00000002   PAD
    0x11021c54   0x11021c54   0x0000002c   Code   RO         1704    i.GATTServApp_WriteCharCfg  gattservapp.o
    0x11021c80   0x11021c80   0x0000002e   Code   RO         4200    i.GATT_AppCompletedMsg  ble_host.lib(gatt_task.o)
    0x11021cae   0x11021cae   0x00000002   PAD
    0x11021cb0   0x11021cb0   0x0000004c   Code   RO         4135    i.GATT_FindHandle   ble_host.lib(gatt_server.o)
    0x11021cfc   0x11021cfc   0x00000064   Code   RO         4136    i.GATT_FindHandleUUID  ble_host.lib(gatt_server.o)
    0x11021d60   0x11021d60   0x00000094   Code   RO         4137    i.GATT_FindNextAttr  ble_host.lib(gatt_server.o)
    0x11021df4   0x11021df4   0x00000054   Code   RO         4138    i.GATT_Indication   ble_host.lib(gatt_server.o)
    0x11021e48   0x11021e48   0x0000001c   Code   RO         4201    i.GATT_Init         ble_host.lib(gatt_task.o)
    0x11021e64   0x11021e64   0x00000048   Code   RO         4139    i.GATT_InitServer   ble_host.lib(gatt_server.o)
    0x11021eac   0x11021eac   0x00000034   Code   RO         4202    i.GATT_ProcessEvent  ble_host.lib(gatt_task.o)
    0x11021ee0   0x11021ee0   0x0000000c   Code   RO         4141    i.GATT_RegisterForReq  ble_host.lib(gatt_server.o)
    0x11021eec   0x11021eec   0x000000a8   Code   RO         4142    i.GATT_RegisterService  ble_host.lib(gatt_server.o)
    0x11021f94   0x11021f94   0x00000050   Code   RO         4143    i.GATT_ServiceChangedInd  ble_host.lib(gatt_server.o)
    0x11021fe4   0x11021fe4   0x00000020   Code   RO         4144    i.GATT_ServiceNumAttrs  ble_host.lib(gatt_server.o)
    0x11022004   0x11022004   0x00000026   Code   RO         4146    i.GATT_VerifyReadPermissions  ble_host.lib(gatt_server.o)
    0x1102202a   0x1102202a   0x00000042   Code   RO         4147    i.GATT_VerifyWritePermissions  ble_host.lib(gatt_server.o)
    0x1102206c   0x1102206c   0x00000020   Code   RO         1485    i.GGS_AddService    gapgattserver.o
    0x1102208c   0x1102208c   0x00000088   Code   RO         1491    i.GGS_SetParameter  gapgattserver.o
    0x11022114   0x11022114   0x00000042   Code   RO         4369    i.L2CAP_BuildCmdReject  ble_host.lib(l2cap_util.o)
    0x11022156   0x11022156   0x00000002   PAD
    0x11022158   0x11022158   0x00000018   Code   RO         4232    i.L2CAP_CmdReject   ble_host.lib(l2cap_if.o)
    0x11022170   0x11022170   0x00000018   Code   RO         4233    i.L2CAP_ConnParamUpdateReq  ble_host.lib(l2cap_if.o)
    0x11022188   0x11022188   0x00000008   Code   RO         4373    i.L2CAP_Fragment_bm_alloc  ble_host.lib(l2cap_util.o)
    0x11022190   0x11022190   0x00000018   Code   RO         4236    i.L2CAP_HostNumCompletedPkts  ble_host.lib(l2cap_if.o)
    0x110221a8   0x110221a8   0x00000048   Code   RO         4257    i.L2CAP_Init        ble_host.lib(l2cap_task.o)
    0x110221f0   0x110221f0   0x00000034   Code   RO         4375    i.L2CAP_ParseParamUpdateReq  ble_host.lib(l2cap_util.o)
    0x11022224   0x11022224   0x00000034   Code   RO         4258    i.L2CAP_ProcessEvent  ble_host.lib(l2cap_task.o)
    0x11022258   0x11022258   0x00000024   Code   RO         4376    i.L2CAP_ReassemblePkt_Reset  ble_host.lib(l2cap_util.o)
    0x1102227c   0x1102227c   0x0000002c   Code   RO         4238    i.L2CAP_RegisterApp  ble_host.lib(l2cap_if.o)
    0x110222a8   0x110222a8   0x00000044   Code   RO         4377    i.L2CAP_SegmentPkt_Reset  ble_host.lib(l2cap_util.o)
    0x110222ec   0x110222ec   0x00000034   Code   RO         4239    i.L2CAP_SendData    ble_host.lib(l2cap_if.o)
    0x11022320   0x11022320   0x00000018   Code   RO         4378    i.L2CAP_bm_alloc    ble_host.lib(l2cap_util.o)
    0x11022338   0x11022338   0x00000044   Code   RO         4442    i.SM_CalcRandomAddr  ble_host.lib(sm_mgr.o)
    0x1102237c   0x1102237c   0x0000009a   Code   RO         4444    i.SM_GenerateAuthenSig  ble_host.lib(sm_mgr.o)
    0x11022416   0x11022416   0x0000004c   Code   RO         4446    i.SM_ResolveRandomAddrs  ble_host.lib(sm_mgr.o)
    0x11022462   0x11022462   0x00000002   PAD
    0x11022464   0x11022464   0x00000020   Code   RO         4302    i.SM_ResponderInit  ble_host.lib(sm_rsppairing.o)
    0x11022484   0x11022484   0x000000ce   Code   RO         4447    i.SM_VerifyAuthenSig  ble_host.lib(sm_mgr.o)
    0x11022552   0x11022552   0x00000002   PAD
    0x11022554   0x11022554   0x000001c0   Code   RO         2547    i.SimpleBLEPeripheral_Init  simplebleperipheral.o
    0x11022714   0x11022714   0x000000c8   Code   RO         2548    i.SimpleBLEPeripheral_ProcessEvent  simplebleperipheral.o
    0x110227dc   0x110227dc   0x0000007c   Code   RO         3829    i.attSendMsg        ble_host.lib(att_util.o)
    0x11022858   0x11022858   0x0000001a   Code   RO         4014    i.disconnectNext    ble_host.lib(gap_linkmgr.o)
    0x11022872   0x11022872   0x00000032   Code   RO         3951    i.gapAddAddrAdj     ble_host.lib(gap_configmgr.o)
    0x110228a4   0x110228a4   0x00000054   Code   RO         4065    i.gapAllocAdvRecs   ble_host.lib(gap_peridevmgr.o)
    0x110228f8   0x110228f8   0x00000030   Code   RO         2264    i.gapBondMgrFindAddr  gapbondmgr.o
    0x11022928   0x11022928   0x00000036   Code   RO         2266    i.gapBondMgrGetPublicAddr  gapbondmgr.o
    0x1102295e   0x1102295e   0x0000001c   Code   RO         2267    i.gapBondMgrInvertCharCfgItem  gapbondmgr.o
    0x1102297a   0x1102297a   0x00000002   PAD
    0x1102297c   0x1102297c   0x00000044   Code   RO         2270    i.gapBondMgrSlaveSecurityReq  gapbondmgr.o
    0x110229c0   0x110229c0   0x0000001e   Code   RO         3952    i.gapDetermineAddrType  ble_host.lib(gap_configmgr.o)
    0x110229de   0x110229de   0x00000048   Code   RO         3993    i.gapFindADType     ble_host.lib(gap_devmgr.o)
    0x11022a26   0x11022a26   0x00000002   PAD
    0x11022a28   0x11022a28   0x00000018   Code   RO         4070    i.gapFreeAdvertState  ble_host.lib(gap_peridevmgr.o)
    0x11022a40   0x11022a40   0x00000040   Code   RO         4015    i.gapFreeAuthLink   ble_host.lib(gap_linkmgr.o)
    0x11022a80   0x11022a80   0x00000018   Code   RO         4016    i.gapFreeEstLink    ble_host.lib(gap_linkmgr.o)
    0x11022a98   0x11022a98   0x0000001c   Code   RO         3953    i.gapGetDevAddress  ble_host.lib(gap_configmgr.o)
    0x11022ab4   0x11022ab4   0x0000000c   Code   RO         3954    i.gapGetDevAddressMode  ble_host.lib(gap_configmgr.o)
    0x11022ac0   0x11022ac0   0x0000000c   Code   RO         3955    i.gapGetIRK         ble_host.lib(gap_configmgr.o)
    0x11022acc   0x11022acc   0x0000000c   Code   RO         3956    i.gapGetSRK         ble_host.lib(gap_configmgr.o)
    0x11022ad8   0x11022ad8   0x0000000c   Code   RO         3957    i.gapGetSignCounter  ble_host.lib(gap_configmgr.o)
    0x11022ae4   0x11022ae4   0x00000028   Code   RO         3958    i.gapIncSignCounter  ble_host.lib(gap_configmgr.o)
    0x11022b0c   0x11022b0c   0x00000010   Code   RO         3994    i.gapIsAdvertising  ble_host.lib(gap_devmgr.o)
    0x11022b1c   0x11022b1c   0x0000012c   Code   RO         4017    i.gapPairingCompleteCB  ble_host.lib(gap_linkmgr.o)
    0x11022c48   0x11022c48   0x00000064   Code   RO         4018    i.gapPasskeyNeededCB  ble_host.lib(gap_linkmgr.o)
    0x11022cac   0x11022cac   0x00000090   Code   RO         4071    i.gapPeriProcessHCICmdCompleteEvt  ble_host.lib(gap_peridevmgr.o)
    0x11022d3c   0x11022d3c   0x00000080   Code   RO         4072    i.gapProcessAdvertisingEvt  ble_host.lib(gap_peridevmgr.o)
    0x11022dbc   0x11022dbc   0x00000014   Code   RO         4019    i.gapProcessConnUpdateCompleteEvt  ble_host.lib(gap_linkmgr.o)
    0x11022dd0   0x11022dd0   0x000000e0   Code   RO         4020    i.gapProcessConnectionCompleteEvt  ble_host.lib(gap_linkmgr.o)
    0x11022eb0   0x11022eb0   0x00000070   Code   RO         4021    i.gapProcessDisconnectCompleteEvt  ble_host.lib(gap_linkmgr.o)
    0x11022f20   0x11022f20   0x000000c0   Code   RO         4117    i.gapProcessHCICmdCompleteEvt  ble_host.lib(gap_task.o)
    0x11022fe0   0x11022fe0   0x0000002c   Code   RO         3959    i.gapProcessNewAddr  ble_host.lib(gap_configmgr.o)
    0x1102300c   0x1102300c   0x000000d4   Code   RO         4118    i.gapProcessOSALMsg  ble_host.lib(gap_task.o)
    0x110230e0   0x110230e0   0x0000006c   Code   RO         3960    i.gapProcessRandomAddrComplete  ble_host.lib(gap_configmgr.o)
    0x1102314c   0x1102314c   0x00000044   Code   RO         3961    i.gapReadBD_ADDRStatus  ble_host.lib(gap_configmgr.o)
    0x11023190   0x11023190   0x0000003c   Code   RO         3962    i.gapReadBufSizeCmdStatus  ble_host.lib(gap_configmgr.o)
    0x110231cc   0x110231cc   0x0000000c   Code   RO         4120    i.gapRegisterPeripheral  ble_host.lib(gap_task.o)
    0x110231d8   0x110231d8   0x000001f4   Code   RO         1590    i.gapRole_ProcessGAPMsg  peripheral.o
    0x110233cc   0x110233cc   0x000000b0   Code   RO         1591    i.gapRole_ProcessOSALMsg  peripheral.o
    0x1102347c   0x1102347c   0x0000005c   Code   RO         1592    i.gapRole_startConnUpdate  peripheral.o
    0x110234d8   0x110234d8   0x00000048   Code   RO         3963    i.gapSendDeviceInitDoneEvent  ble_host.lib(gap_configmgr.o)
    0x11023520   0x11023520   0x00000048   Code   RO         4024    i.gapSendLinkUpdateEvent  ble_host.lib(gap_linkmgr.o)
    0x11023568   0x11023568   0x0000003c   Code   RO         4073    i.gapSendMakeDiscEvent  ble_host.lib(gap_peridevmgr.o)
    0x110235a4   0x110235a4   0x0000005c   Code   RO         4025    i.gapSendPairingReqEvent  ble_host.lib(gap_linkmgr.o)
    0x11023600   0x11023600   0x00000088   Code   RO         4074    i.gapSetAdvParams   ble_host.lib(gap_peridevmgr.o)
    0x11023688   0x11023688   0x0000002c   Code   RO         4075    i.gapSetAdvParamsStatus  ble_host.lib(gap_peridevmgr.o)
    0x110236b4   0x110236b4   0x00000052   Code   RO         3965    i.gapUpdateConnSignCounter  ble_host.lib(gap_configmgr.o)
    0x11023706   0x11023706   0x00000012   Code   RO         3996    i.gapValidADType    ble_host.lib(gap_devmgr.o)
    0x11023718   0x11023718   0x00000030   Code   RO         4076    i.gapWriteAdvDataStatus  ble_host.lib(gap_peridevmgr.o)
    0x11023748   0x11023748   0x000000b8   Code   RO         4077    i.gapWriteAdvEnableStatus  ble_host.lib(gap_peridevmgr.o)
    0x11023800   0x11023800   0x00000024   Code   RO         4148    i.gattFindServerInfo  ble_host.lib(gatt_server.o)
    0x11023824   0x11023824   0x0000002c   Code   RO         4149    i.gattGetServerStatus  ble_host.lib(gatt_server.o)
    0x11023850   0x11023850   0x00000052   Code   RO         4204    i.gattNotifyEvent   ble_host.lib(gatt_task.o)
    0x110238a2   0x110238a2   0x00000002   PAD
    0x110238a4   0x110238a4   0x0000001c   Code   RO         4150    i.gattProcessExchangeMTUReq  ble_host.lib(gatt_server.o)
    0x110238c0   0x110238c0   0x00000004   Code   RO         4151    i.gattProcessExecuteWriteReq  ble_host.lib(gatt_server.o)
    0x110238c4   0x110238c4   0x0000002c   Code   RO         4152    i.gattProcessFindByTypeValueReq  ble_host.lib(gatt_server.o)
    0x110238f0   0x110238f0   0x000000e8   Code   RO         4153    i.gattProcessFindInfoReq  ble_host.lib(gatt_server.o)
    0x110239d8   0x110239d8   0x00000048   Code   RO         4154    i.gattProcessReadByGrpTypeReq  ble_host.lib(gatt_server.o)
    0x11023a20   0x11023a20   0x0000002c   Code   RO         4155    i.gattProcessReadByTypeReq  ble_host.lib(gatt_server.o)
    0x11023a4c   0x11023a4c   0x00000048   Code   RO         4156    i.gattProcessReadMultiReq  ble_host.lib(gatt_server.o)
    0x11023a94   0x11023a94   0x0000001e   Code   RO         4157    i.gattProcessReadReq  ble_host.lib(gatt_server.o)
    0x11023ab2   0x11023ab2   0x00000002   PAD
    0x11023ab4   0x11023ab4   0x00000094   Code   RO         4205    i.gattProcessRxData  ble_host.lib(gatt_task.o)
    0x11023b48   0x11023b48   0x00000022   Code   RO         4158    i.gattProcessWriteReq  ble_host.lib(gatt_server.o)
    0x11023b6a   0x11023b6a   0x00000002   PAD
    0x11023b6c   0x11023b6c   0x0000000c   Code   RO         4207    i.gattRegisterServer  ble_host.lib(gatt_task.o)
    0x11023b78   0x11023b78   0x00000010   Code   RO         4159    i.gattResetServerInfo  ble_host.lib(gatt_server.o)
    0x11023b88   0x11023b88   0x0000000e   Code   RO         1705    i.gattServApp_FindAuthorizeAttrCB  gattservapp.o
    0x11023b96   0x11023b96   0x0000001c   Code   RO         1706    i.gattServApp_FindCharCfgItem  gattservapp.o
    0x11023bb2   0x11023bb2   0x00000002   PAD
    0x11023bb4   0x11023bb4   0x00000024   Code   RO         1707    i.gattServApp_FindPrepareWriteQ  gattservapp.o
    0x11023bd8   0x11023bd8   0x00000020   Code   RO         1708    i.gattServApp_FindServiceCBs  gattservapp.o
    0x11023bf8   0x11023bf8   0x0000005c   Code   RO         1709    i.gattServApp_HandleConnStatusCB  gattservapp.o
    0x11023c54   0x11023c54   0x00000088   Code   RO         1710    i.gattServApp_ProcessExecuteWriteReq  gattservapp.o
    0x11023cdc   0x11023cdc   0x000000f4   Code   RO         1711    i.gattServApp_ProcessFindByTypeValueReq  gattservapp.o
    0x11023dd0   0x11023dd0   0x0000015c   Code   RO         1712    i.gattServApp_ProcessMsg  gattservapp.o
    0x11023f2c   0x11023f2c   0x000000a0   Code   RO         1713    i.gattServApp_ProcessPrepareWriteReq  gattservapp.o
    0x11023fcc   0x11023fcc   0x00000158   Code   RO         1714    i.gattServApp_ProcessReadByGrpTypeReq  gattservapp.o
    0x11024124   0x11024124   0x00000140   Code   RO         1715    i.gattServApp_ProcessReadByTypeReq  gattservapp.o
    0x11024264   0x11024264   0x000000e0   Code   RO         1716    i.gattServApp_ProcessReadMultiReq  gattservapp.o
    0x11024344   0x11024344   0x0000007a   Code   RO         1717    i.gattServApp_ProcessWriteReq  gattservapp.o
    0x110243be   0x110243be   0x00000002   PAD
    0x110243c0   0x110243c0   0x00000078   Code   RO         1719    i.gattServApp_SetNumPrepareWrites  gattservapp.o
    0x11024438   0x11024438   0x00000034   Code   RO         1720    i.gattServApp_WriteAttrCB  gattservapp.o
    0x1102446c   0x1102446c   0x00000080   Code   RO         4160    i.gattServerHandleConnStatusCB  ble_host.lib(gatt_server.o)
    0x110244ec   0x110244ec   0x0000002a   Code   RO         4161    i.gattServerHandleTimerCB  ble_host.lib(gatt_server.o)
    0x11024516   0x11024516   0x00000002   PAD
    0x11024518   0x11024518   0x000000d0   Code   RO         4162    i.gattServerProcessMsgCB  ble_host.lib(gatt_server.o)
    0x110245e8   0x110245e8   0x00000018   Code   RO         4163    i.gattServiceLastHandle  ble_host.lib(gatt_server.o)
    0x11024600   0x11024600   0x0000000e   Code   RO         4208    i.gattStartTimer    ble_host.lib(gatt_task.o)
    0x1102460e   0x1102460e   0x0000001a   Code   RO         4209    i.gattStopTimer     ble_host.lib(gatt_task.o)
    0x11024628   0x11024628   0x00000098   Code   RO         4448    i.generate_subkey   ble_host.lib(sm_mgr.o)
    0x110246c0   0x110246c0   0x000000c2   Code   RO         1492    i.ggs_ReadAttrCB    gapgattserver.o
    0x11024782   0x11024782   0x00000058   Code   RO         1493    i.ggs_SetAttrWPermit  gapgattserver.o
    0x110247da   0x110247da   0x00000002   PAD
    0x110247dc   0x110247dc   0x000000e4   Code   RO         1494    i.ggs_WriteAttrCB   gapgattserver.o
    0x110248c0   0x110248c0   0x0000002c   Code   RO         4078    i.isLimitedDiscoverableMode  ble_host.lib(gap_peridevmgr.o)
    0x110248ec   0x110248ec   0x00000038   Code   RO         4379    i.l2capAllocChannel  ble_host.lib(l2cap_util.o)
    0x11024924   0x11024924   0x0000002c   Code   RO         4383    i.l2capBuildParamUpdateReq  ble_host.lib(l2cap_util.o)
    0x11024950   0x11024950   0x000000b0   Code   RO         4384    i.l2capEncapSendData  ble_host.lib(l2cap_util.o)
    0x11024a00   0x11024a00   0x00000030   Code   RO         4385    i.l2capFindLocalId  ble_host.lib(l2cap_util.o)
    0x11024a30   0x11024a30   0x00000008   Code   RO         4386    i.l2capFreeChannel  ble_host.lib(l2cap_util.o)
    0x11024a38   0x11024a38   0x00000002   Code   RO         4387    i.l2capHandleRxError  ble_host.lib(l2cap_util.o)
    0x11024a3a   0x11024a3a   0x00000028   Code   RO         4388    i.l2capHandleTimerCB  ble_host.lib(l2cap_util.o)
    0x11024a62   0x11024a62   0x00000046   Code   RO         4389    i.l2capNotifyData   ble_host.lib(l2cap_util.o)
    0x11024aa8   0x11024aa8   0x0000004e   Code   RO         4390    i.l2capNotifySignal  ble_host.lib(l2cap_util.o)
    0x11024af6   0x11024af6   0x00000042   Code   RO         4391    i.l2capParseCmdReject  ble_host.lib(l2cap_util.o)
    0x11024b38   0x11024b38   0x000001a0   Code   RO         4394    i.l2capParsePacket  ble_host.lib(l2cap_util.o)
    0x11024cd8   0x11024cd8   0x00000016   Code   RO         4395    i.l2capParseParamUpdateRsp  ble_host.lib(l2cap_util.o)
    0x11024cee   0x11024cee   0x00000014   Code   RO         4396    i.l2capParseSignalHdr  ble_host.lib(l2cap_util.o)
    0x11024d02   0x11024d02   0x00000002   PAD
    0x11024d04   0x11024d04   0x00000104   Code   RO         4397    i.l2capPktToSegmentBuff  ble_host.lib(l2cap_util.o)
    0x11024e08   0x11024e08   0x00000068   Code   RO         4259    i.l2capProcessRsp   ble_host.lib(l2cap_task.o)
    0x11024e70   0x11024e70   0x00000094   Code   RO         4260    i.l2capProcessRxData  ble_host.lib(l2cap_task.o)
    0x11024f04   0x11024f04   0x000000a8   Code   RO         4261    i.l2capProcessSignal  ble_host.lib(l2cap_task.o)
    0x11024fac   0x11024fac   0x00000058   Code   RO         4398    i.l2capSarBufReset  ble_host.lib(l2cap_util.o)
    0x11025004   0x11025004   0x00000060   Code   RO         4399    i.l2capSendCmd      ble_host.lib(l2cap_util.o)
    0x11025064   0x11025064   0x0000007c   Code   RO         4400    i.l2capSendReq      ble_host.lib(l2cap_util.o)
    0x110250e0   0x110250e0   0x00000010   Code   RO         4401    i.l2capStopTimer    ble_host.lib(l2cap_util.o)
    0x110250f0   0x110250f0   0x0000001c   Code   RO         4449    i.leftshift_onebit  ble_host.lib(sm_mgr.o)
    0x1102510c   0x1102510c   0x00000058   Code   RO         4273    i.linkDB_Add        ble_host.lib(linkdb.o)
    0x11025164   0x11025164   0x0000004c   Code   RO         4274    i.linkDB_Authen     ble_host.lib(linkdb.o)
    0x110251b0   0x110251b0   0x00000028   Code   RO         4275    i.linkDB_Find       ble_host.lib(linkdb.o)
    0x110251d8   0x110251d8   0x00000038   Code   RO         4276    i.linkDB_FindFirst  ble_host.lib(linkdb.o)
    0x11025210   0x11025210   0x0000003c   Code   RO         4277    i.linkDB_Init       ble_host.lib(linkdb.o)
    0x1102524c   0x1102524c   0x00000024   Code   RO         4278    i.linkDB_NumActive  ble_host.lib(linkdb.o)
    0x11025270   0x11025270   0x00000024   Code   RO         4280    i.linkDB_Register   ble_host.lib(linkdb.o)
    0x11025294   0x11025294   0x00000036   Code   RO         4281    i.linkDB_Remove     ble_host.lib(linkdb.o)
    0x110252ca   0x110252ca   0x00000002   PAD
    0x110252cc   0x110252cc   0x00000024   Code   RO         4282    i.linkDB_State      ble_host.lib(linkdb.o)
    0x110252f0   0x110252f0   0x000000f4   Code   RO         2549    i.peripheralStateNotificationCB  simplebleperipheral.o
    0x110253e4   0x110253e4   0x00000002   Code   RO         2550    i.peripheralStateReadRssiCB  simplebleperipheral.o
    0x110253e6   0x110253e6   0x00000002   PAD
    0x110253e8   0x110253e8   0x00000028   Code   RO         4284    i.reportStatusChange  ble_host.lib(linkdb.o)
    0x11025410   0x11025410   0x000000ec   Code   RO         4026    i.sendAuthEvent     ble_host.lib(gap_linkmgr.o)
    0x110254fc   0x110254fc   0x0000005a   Code   RO         4027    i.sendEstLinkEvent  ble_host.lib(gap_linkmgr.o)
    0x11025556   0x11025556   0x0000002a   Code   RO         4028    i.sendTerminateEvent  ble_host.lib(gap_linkmgr.o)
    0x11025580   0x11025580   0x00000018   Code   RO         4450    i.smAuthReqToUint8  ble_host.lib(sm_mgr.o)
    0x11025598   0x11025598   0x0000002c   Code   RO         4501    i.smDetermineKeySize  ble_host.lib(sm_pairing.o)
    0x110255c4   0x110255c4   0x00000010   Code   RO         4451    i.smEncrypt         ble_host.lib(sm_mgr.o)
    0x110255d4   0x110255d4   0x00000008   Code   RO         4452    i.smEncryptLocal    ble_host.lib(sm_mgr.o)
    0x110255dc   0x110255dc   0x00000034   Code   RO         4502    i.smEndPairing      ble_host.lib(sm_pairing.o)
    0x11025610   0x11025610   0x0000005c   Code   RO         4503    i.smFreePairingParams  ble_host.lib(sm_pairing.o)
    0x1102566c   0x1102566c   0x0000002c   Code   RO         4504    i.smGenerateConfirm  ble_host.lib(sm_pairing.o)
    0x11025698   0x11025698   0x00000040   Code   RO         4505    i.smGeneratePairingReqRsp  ble_host.lib(sm_pairing.o)
    0x110256d8   0x110256d8   0x00000026   Code   RO         4453    i.smGenerateRandBuf  ble_host.lib(sm_mgr.o)
    0x110256fe   0x110256fe   0x00000002   PAD
    0x11025700   0x11025700   0x0000002c   Code   RO         4506    i.smGenerateRandMsg  ble_host.lib(sm_pairing.o)
    0x1102572c   0x1102572c   0x00000040   Code   RO         4508    i.smNextPairingState  ble_host.lib(sm_pairing.o)
    0x1102576c   0x1102576c   0x00000014   Code   RO         4509    i.smPairingSendEncInfo  ble_host.lib(sm_pairing.o)
    0x11025780   0x11025780   0x00000028   Code   RO         4510    i.smPairingSendIdentityAddrInfo  ble_host.lib(sm_pairing.o)
    0x110257a8   0x110257a8   0x00000014   Code   RO         4511    i.smPairingSendIdentityInfo  ble_host.lib(sm_pairing.o)
    0x110257bc   0x110257bc   0x0000002c   Code   RO         4512    i.smPairingSendMasterID  ble_host.lib(sm_pairing.o)
    0x110257e8   0x110257e8   0x00000014   Code   RO         4513    i.smPairingSendSingingInfo  ble_host.lib(sm_pairing.o)
    0x110257fc   0x110257fc   0x0000000c   Code   RO         4518    i.smRegisterResponder  ble_host.lib(sm_pairing.o)
    0x11025808   0x11025808   0x000000e4   Code   RO         4303    i.smResponderProcessLTKReq  ble_host.lib(sm_rsppairing.o)
    0x110258ec   0x110258ec   0x000001b8   Code   RO         4304    i.smResponderSendNextKeyInfo  ble_host.lib(sm_rsppairing.o)
    0x11025aa4   0x11025aa4   0x0000016c   Code   RO         4519    i.smSavePairInfo    ble_host.lib(sm_pairing.o)
    0x11025c10   0x11025c10   0x00000046   Code   RO         4574    i.smSendSMMsg       ble_host.lib(smp.o)
    0x11025c56   0x11025c56   0x00000002   PAD
    0x11025c58   0x11025c58   0x00000040   Code   RO         4521    i.smSetPairingReqRsp  ble_host.lib(sm_pairing.o)
    0x11025c98   0x11025c98   0x00000020   Code   RO         4522    i.smStartEncryption  ble_host.lib(sm_pairing.o)
    0x11025cb8   0x11025cb8   0x0000004c   Code   RO         4456    i.smStartRspTimer   ble_host.lib(sm_mgr.o)
    0x11025d04   0x11025d04   0x0000000a   Code   RO         4562    i.smState_timerCB   ble_host.lib(sm_task.o)
    0x11025d0e   0x11025d0e   0x00000002   PAD
    0x11025d10   0x11025d10   0x00000020   Code   RO         4457    i.smStopRspTimer    ble_host.lib(sm_mgr.o)
    0x11025d30   0x11025d30   0x0000000a   Code   RO         4523    i.smTimedOut        ble_host.lib(sm_pairing.o)
    0x11025d3a   0x11025d3a   0x0000000a   Code   RO         4563    i.smTo_timerCB      ble_host.lib(sm_task.o)
    0x11025d44   0x11025d44   0x0000002c   Code   RO         4458    i.smUint8ToAuthReq  ble_host.lib(sm_mgr.o)
    0x11025d70   0x11025d70   0x00000154   Code   RO         4459    i.sm_CMAC           ble_host.lib(sm_mgr.o)
    0x11025ec4   0x11025ec4   0x00000044   Code   RO         4460    i.sm_ah             ble_host.lib(sm_mgr.o)
    0x11025f08   0x11025f08   0x00000098   Code   RO         4524    i.sm_c1             ble_host.lib(sm_pairing.o)
    0x11025fa0   0x11025fa0   0x000000c2   Code   RO         4461    i.sm_c1new          ble_host.lib(sm_mgr.o)
    0x11026062   0x11026062   0x00000040   Code   RO         4464    i.sm_s1             ble_host.lib(sm_mgr.o)
    0x110260a2   0x110260a2   0x0000001a   Code   RO         4465    i.sm_xor            ble_host.lib(sm_mgr.o)
    0x110260bc   0x110260bc   0x00000022   Code   RO         4575    i.smpBuildEncInfo   ble_host.lib(smp.o)
    0x110260de   0x110260de   0x00000026   Code   RO         4576    i.smpBuildIdentityAddrInfo  ble_host.lib(smp.o)
    0x11026104   0x11026104   0x00000022   Code   RO         4577    i.smpBuildIdentityInfo  ble_host.lib(smp.o)
    0x11026126   0x11026126   0x0000002e   Code   RO         4578    i.smpBuildMasterID  ble_host.lib(smp.o)
    0x11026154   0x11026154   0x00000022   Code   RO         4579    i.smpBuildPairingConfirm  ble_host.lib(smp.o)
    0x11026176   0x11026176   0x00000022   Code   RO         4581    i.smpBuildPairingRandom  ble_host.lib(smp.o)
    0x11026198   0x11026198   0x0000000e   Code   RO         4582    i.smpBuildPairingReq  ble_host.lib(smp.o)
    0x110261a6   0x110261a6   0x00000084   Code   RO         4583    i.smpBuildPairingReqRsp  ble_host.lib(smp.o)
    0x1102622a   0x1102622a   0x0000000e   Code   RO         4584    i.smpBuildPairingRsp  ble_host.lib(smp.o)
    0x11026238   0x11026238   0x0000001e   Code   RO         4585    i.smpBuildSecurityReq  ble_host.lib(smp.o)
    0x11026256   0x11026256   0x00000022   Code   RO         4586    i.smpBuildSigningInfo  ble_host.lib(smp.o)
    0x11026278   0x11026278   0x00000050   Code   RO         4305    i.smpResponderProcessEncryptionInformation  ble_host.lib(sm_rsppairing.o)
    0x110262c8   0x110262c8   0x00000048   Code   RO         4306    i.smpResponderProcessIdentityAddrInfo  ble_host.lib(sm_rsppairing.o)
    0x11026310   0x11026310   0x00000044   Code   RO         4307    i.smpResponderProcessIdentityInfo  ble_host.lib(sm_rsppairing.o)
    0x11026354   0x11026354   0x000000b4   Code   RO         4308    i.smpResponderProcessIncoming  ble_host.lib(sm_rsppairing.o)
    0x11026408   0x11026408   0x00000064   Code   RO         4309    i.smpResponderProcessMasterID  ble_host.lib(sm_rsppairing.o)
    0x1102646c   0x1102646c   0x0000004c   Code   RO         4310    i.smpResponderProcessPairingConfirm  ble_host.lib(sm_rsppairing.o)
    0x110264b8   0x110264b8   0x00000058   Code   RO         4311    i.smpResponderProcessPairingRandom  ble_host.lib(sm_rsppairing.o)
    0x11026510   0x11026510   0x000000b8   Code   RO         4312    i.smpResponderProcessPairingReq  ble_host.lib(sm_rsppairing.o)
    0x110265c8   0x110265c8   0x00000054   Code   RO         4313    i.smpResponderProcessSigningInfo  ble_host.lib(sm_rsppairing.o)
    0x1102661c   0x1102661c   0x00000016   Code   RO         4466    i.xor_128           ble_host.lib(sm_mgr.o)
    0x11026632   0x11026632   0x00000002   PAD
    0x11026634   0x11026634   0x00000008   Data   RO         1496    .constdata          gapgattserver.o
    0x1102663c   0x1102663c   0x0000000c   Data   RO         1497    .constdata          gapgattserver.o
    0x11026648   0x11026648   0x00000008   Data   RO         1722    .constdata          gattservapp.o
    0x11026650   0x11026650   0x0000000c   Data   RO         1723    .constdata          gattservapp.o
    0x1102665c   0x1102665c   0x00000010   Data   RO         3830    .constdata          ble_host.lib(att_util.o)
    0x1102666c   0x1102666c   0x00000060   Data   RO         4164    .constdata          ble_host.lib(gatt_server.o)
    0x110266cc   0x110266cc   0x0000002a   Data   RO         4226    .constdata          ble_host.lib(gatt_uuid.o)
    0x110266f6   0x110266f6   0x00000010   Data   RO         4468    .constdata          ble_host.lib(sm_mgr.o)
    0x11026706   0x11026706   0x00000019   Data   RO         4526    .constdata          ble_host.lib(sm_pairing.o)


==============================================================================

Image component sizes


      Code (inc. data)   RO Data    RW Data    ZI Data      Debug   Object Name

       392         48          0         15         40       5702   adc.o
       732        224         96          0         16       6426   app_datetime.o
       358         14          0          0          0       5360   clock.o
      2450         94          0         57          0      18618   dmd.o
      1080        154        486         36        712       9108   eltop.o
       584         60          0         16          0      14067   flash.o
      1668         96          0          8         20      12965   fs.o
       140         80          0          0          0      11245   gap.o
       686         24          0         40        166       9720   gapbondmgr.o
       678         44         20        131         22      18342   gapgattserver.o
      3448        194         20         97        744      29583   gattservapp.o
      1396        152        138          0        300      44559   gpio.o
      2312        364          0          0         84       8455   jdwsl.o
       536        332       1024       1028          0       2134   jump_table.o
       616        214         28          1       5884      58808   main.o
      1114         34         93          8          0       8202   my_printf.o
       104          4         41          4          0      10291   osal_simplebleperipheral.o
        40          0          0          0          0       1632   osal_snv.o
      1788        140          0         97         63      16933   peripheral.o
      6712        962       2957        342         10      31801   prosedure.o
       252         30          0         10          0       6314   pwm.o
       632         80          0         38        120      10153   pwrmgr.o
       588        126         28        248         60      18273   sbpprofile_ota.o
       894        324          0         75          0       7006   simplebleperipheral.o
        20          0          0          0          0        519   simplebleperipheral_main.o
        20         10          8          0       1024        448   startup_armcm0.o
        16          8          0          4          0        743   system_armcm0.o
       488         90          0          4          0      15401   timer.o
      1296        140         12          0         64      44235   uart.o

    ----------------------------------------------------------------------
     33006       4690       5040       2280       9336     427043   Object Totals
      1944        648         80          0          0          0   (incl. Generated)
        22          0          9         21          7          0   (incl. Padding)

    ----------------------------------------------------------------------

      Code (inc. data)   RO Data    RW Data    ZI Data      Debug   Library Member Name

       336         64          0          0          0        888   att_server.o
      1250         36         16         12          0       1940   att_util.o
       806        110          0         90         28       1184   gap_configmgr.o
       114          4          0          8          0        268   gap_devmgr.o
      1742         62          0         16          0       1216   gap_linkmgr.o
      1360        168          0         28          0       1012   gap_peridevmgr.o
        80         12          0          0          0         72   gap_perilinkmgr.o
       692         74          0         12          0        472   gap_task.o
      1934        122         96         16          0       1924   gatt_server.o
       408         22          0         12          0        568   gatt_task.o
         0          0         42          0          0          0   gatt_uuid.o
       168         18          0          1          0        336   l2cap_if.o
       544         22          0          1         46        384   l2cap_task.o
      2052         74          0          4        160       1788   l2cap_util.o
       522         50          0          0         60        688   linkdb.o
      1636         24         16          0         15       1404   sm_mgr.o
      1182        106         25         12          0       1288   sm_pairing.o
      1632         88          0         12         15        908   sm_rsppairing.o
        20          0          0          0          0        136   sm_task.o
       514          0          0          0          0        828   smp.o
       616         60         80          0          0        120   acos.o
       540         68        152          0          0        112   atan.o
       152         10          0          0          0        104   cos.o
       244         20         48          0          0         92   cos_i.o
        94         14          0          0          0        408   dunder.o
        44          4          0          0          0         60   fpclassify.o
       172          0          0          0          0         76   poly.o
      2556        196        136          0          0        240   pow.o
         0          0          8          0          0          0   qnan.o
       974         86        200          0          0        200   rred.o
       156         10          0          0          0        104   sin.o
       236         14         40          0          0        100   sin_i.o
        72          6          0          0          0         76   sqrt.o
        96         10          0          0          0         88   tan.o
       624         48         96          0          0        104   tan_i.o
        86          0          0          0          0          0   __dczerorl2.o
        26          0          0          0          0         72   atoi.o
         0          0          0          0          0          0   entry.o
         0          0          0          0          0          0   entry10a.o
         0          0          0          0          0          0   entry11a.o
         8          4          0          0          0          0   entry2.o
         4          0          0          0          0          0   entry5.o
         0          0          0          0          0          0   entry7b.o
         0          0          0          0          0          0   entry8b.o
         8          4          0          0          0          0   entry9a.o
        20         10          0          4          0        120   errno.o
        30          0          0          0          0          0   handlers.o
        36          8          0          0          0         68   init.o
         0          0          0          0          0          0   iusefp.o
        32          0          0          0          0         68   llshl.o
        38          0          0          0          0         68   llsshr.o
        34          0          0          0          0         68   llushr.o
       116         12         12          0          0         72   localtime_i.o
        16          6          0          0         44         68   localtime_w.o
       140         16         12          0          0         72   mktime.o
       898          8          0          0          0        384   printf6.o
        18          0          0          0          0         60   strcpy.o
       112          4          0          0          0         76   strtol.o
        40          2          0          0          0         68   cdrcmple.o
        56          0          0          0          0         68   d2f.o
       356          4          0          0          0        140   dadd.o
       240          6          0          0          0         84   ddiv.o
       236          0          0          0          0        216   depilogue.o
        72         10          0          0          0         72   dfixi.o
        60         10          0          0          0         68   dfixui.o
        40          6          0          0          0         68   dflti.o
        28          4          0          0          0         68   dfltui.o
       208          6          0          0          0         88   dmul.o
        44          0          0          0          0         72   dscalb.o
       162          0          0          0          0         80   dsqrt.o
        40          0          0          0          0         60   f2d.o
       178          0          0          0          0        108   fadd.o
       124          0          0          0          0         72   fdiv.o
       130          0          0          0          0        144   fepilogue.o
        50          0          0          0          0         60   ffixi.o
        22          0          0          0          0         68   fflti.o
        14          0          0          0          0         68   ffltui.o
       122          0          0          0          0         72   fmul.o
        24          0          0          0          0         60   fscalb.o
      5032        628          0         24         32       2112   patch.o
       196         26         17          5         16        216   phy_sec_ext.o
      1808        372          0          8          0        732   rf_phy_driver.o

    ----------------------------------------------------------------------
     34514       2748       1004        268        424      25248   Library Totals
        42          0          8          3          8          0   (incl. Padding)

    ----------------------------------------------------------------------

      Code (inc. data)   RO Data    RW Data    ZI Data      Debug   Library Name

     16992       1056        195        224        324      17304   ble_host.lib
      6576        546        760          0          0       1884   m_ps.l
      1622         72         24          4         44       1196   mc_p.l
      2246         48          0          0          0       1804   mf_p.l
      7036       1026         17         37         48       3060   rf.lib

    ----------------------------------------------------------------------
     34514       2748       1004        268        424      25248   Library Totals

    ----------------------------------------------------------------------

==============================================================================


      Code (inc. data)   RO Data    RW Data    ZI Data      Debug   

     67520       7438       6044       2548       9760     427771   Grand Totals
     67520       7438       6044        664       9760     427771   ELF Image Totals (compressed)
     67520       7438       6044        664          0          0   ROM Totals

==============================================================================

    Total RO  Size (Code + RO Data)                73564 (  71.84kB)
    Total RW  Size (RW Data + ZI Data)             12308 (  12.02kB)
    Total ROM Size (Code + RO Data + RW Data)      74228 (  72.49kB)

==============================================================================

